\BOOKMARK [1][-]{section*.1}{\376\377\000D\000e\000c\000l\000a\000r\000a\000t\000i\000o\000n\000s}{}% 1
\BOOKMARK [1][-]{section*.5}{\376\377\000A\000b\000s\000t\000r\000a\000c\000t}{}% 2
\BOOKMARK [1][-]{section*.6}{\376\377\000R\000\351\000s\000u\000m\000\351}{}% 3
\BOOKMARK [1][-]{section*.7}{\376\377\000A\000c\000k\000n\000o\000w\000l\000e\000d\000g\000e\000m\000e\000n\000t\000s}{}% 4
\BOOKMARK [1][-]{section*.11}{\376\377\000L\000i\000s\000t\000\040\000o\000f\000\040\000F\000i\000g\000u\000r\000e\000s}{}% 5
\BOOKMARK [1][-]{section*.12}{\376\377\000L\000i\000s\000t\000\040\000o\000f\000\040\000T\000a\000b\000l\000e\000s}{}% 6
\BOOKMARK [1][-]{section.1}{\376\377\000I\000n\000t\000r\000o\000d\000u\000c\000t\000i\000o\000n}{}% 7
\BOOKMARK [2][-]{subsection.1.1}{\376\377\000I\000n\000d\000u\000s\000t\000r\000i\000a\000l\000\040\000a\000n\000d\000\040\000T\000e\000c\000h\000n\000i\000c\000a\000l\000\040\000C\000o\000n\000t\000e\000x\000t}{section.1}% 8
\BOOKMARK [2][-]{subsection.1.2}{\376\377\000P\000r\000o\000b\000l\000e\000m\000\040\000S\000t\000a\000t\000e\000m\000e\000n\000t}{section.1}% 9
\BOOKMARK [2][-]{subsection.1.3}{\376\377\000A\000i\000m\000,\000\040\000O\000b\000j\000e\000c\000t\000i\000v\000e\000s\000\040\000a\000n\000d\000\040\000S\000c\000o\000p\000e}{section.1}% 10
\BOOKMARK [2][-]{subsection.1.4}{\376\377\000T\000h\000e\000s\000i\000s\000\040\000S\000t\000r\000u\000c\000t\000u\000r\000e}{section.1}% 11
\BOOKMARK [1][-]{section.2}{\376\377\000L\000i\000t\000e\000r\000a\000t\000u\000r\000e\000\040\000R\000e\000v\000i\000e\000w}{}% 12
\BOOKMARK [2][-]{subsection.2.1}{\376\377\000I\000n\000t\000r\000o\000d\000u\000c\000t\000i\000o\000n\000\040\000a\000n\000d\000\040\000K\000e\000y\000\040\000D\000e\000f\000i\000n\000i\000t\000i\000o\000n\000s}{section.2}% 13
\BOOKMARK [2][-]{subsection.2.2}{\376\377\000R\000i\000s\000k\000\040\000P\000r\000o\000p\000a\000g\000a\000t\000i\000o\000n\000\040\000a\000n\000d\000\040\000D\000e\000a\000d\000l\000i\000n\000e\000-\000S\000e\000n\000s\000i\000t\000i\000v\000e\000\040\000V\000a\000l\000u\000e}{section.2}% 14
\BOOKMARK [2][-]{subsection.2.3}{\376\377\000C\000o\000g\000n\000i\000t\000i\000v\000e\000\040\000B\000i\000a\000s\000\040\000i\000n\000\040\000U\000r\000g\000e\000n\000c\000y\000\040\000D\000e\000c\000l\000a\000r\000a\000t\000i\000o\000n}{section.2}% 15
\BOOKMARK [2][-]{subsection.2.4}{\376\377\000I\000n\000d\000i\000c\000a\000t\000o\000r\000s\000\040\000o\000f\000\040\000D\000e\000l\000i\000v\000e\000r\000y\000\040\000R\000u\000p\000t\000u\000r\000e\000\040\000R\000i\000s\000k}{section.2}% 16
\BOOKMARK [2][-]{subsection.2.5}{\376\377\000C\000l\000o\000s\000e\000s\000t\000\040\000A\000n\000t\000e\000c\000e\000d\000e\000n\000t\000s\000:\000\040\000N\000e\000t\000w\000o\000r\000k\000\040\000R\000i\000s\000k\000\040\000T\000w\000i\000n\000s\000\040\000a\000n\000d\000\040\000M\000C\000D\000M\000\040\000S\000u\000p\000p\000l\000i\000e\000r\000\040\000S\000c\000o\000r\000i\000n\000g}{section.2}% 17
\BOOKMARK [2][-]{subsection.2.6}{\376\377\000E\000n\000a\000b\000l\000i\000n\000g\000\040\000M\000e\000t\000h\000o\000d\000:\000\040\000B\000a\000y\000e\000s\000i\000a\000n\000\040\000a\000n\000d\000\040\000P\000r\000o\000b\000a\000b\000i\000l\000i\000s\000t\000i\000c\000\040\000R\000i\000s\000k\000\040\000U\000p\000d\000a\000t\000i\000n\000g}{section.2}% 18
\BOOKMARK [2][-]{subsection.2.7}{\376\377\000E\000n\000a\000b\000l\000i\000n\000g\000\040\000M\000e\000t\000h\000o\000d\000:\000\040\000D\000i\000g\000i\000t\000a\000l\000\040\000T\000w\000i\000n\000s\000\040\000a\000n\000d\000\040\000R\000e\000a\000l\000-\000T\000i\000m\000e\000\040\000D\000e\000c\000i\000s\000i\000o\000n\000\040\000S\000u\000p\000p\000o\000r\000t}{section.2}% 19
\BOOKMARK [2][-]{subsection.2.8}{\376\377\000E\000n\000a\000b\000l\000i\000n\000g\000\040\000M\000e\000t\000h\000o\000d\000s\000:\000\040\000M\000u\000l\000t\000i\000-\000C\000r\000i\000t\000e\000r\000i\000a\000\040\000D\000e\000c\000i\000s\000i\000o\000n\000\040\000M\000e\000t\000h\000o\000d\000s}{section.2}% 20
\BOOKMARK [2][-]{subsection.2.9}{\376\377\000F\000o\000r\000e\000c\000a\000s\000t\000-\000A\000s\000s\000i\000s\000t\000e\000d\000\040\000D\000e\000c\000i\000s\000i\000o\000n\000\040\000a\000n\000d\000\040\000A\000u\000t\000o\000m\000a\000t\000i\000o\000n\000\040\000B\000i\000a\000s}{section.2}% 21
\BOOKMARK [2][-]{subsection.2.10}{\376\377\000V\000a\000l\000i\000d\000a\000t\000i\000o\000n\000\040\000M\000e\000t\000h\000o\000d\000o\000l\000o\000g\000y\000:\000\040\000S\000e\000r\000i\000o\000u\000s\000\040\000G\000a\000m\000e\000s}{section.2}% 22
\BOOKMARK [2][-]{subsection.2.11}{\376\377\000P\000r\000o\000b\000a\000b\000i\000l\000i\000s\000t\000i\000c\000\040\000F\000o\000r\000e\000c\000a\000s\000t\000\040\000V\000e\000r\000i\000f\000i\000c\000a\000t\000i\000o\000n}{section.2}% 23
\BOOKMARK [2][-]{subsection.2.12}{\376\377\000A\000n\000a\000l\000o\000g\000i\000c\000a\000l\000\040\000a\000n\000d\000\040\000C\000o\000n\000t\000e\000x\000t\000u\000a\000l\000\040\000L\000i\000t\000e\000r\000a\000t\000u\000r\000e}{section.2}% 24
\BOOKMARK [2][-]{subsection.2.13}{\376\377\000S\000o\000u\000r\000c\000e\000\040\000R\000e\000v\000i\000e\000w\000\040\000G\000r\000i\000d}{section.2}% 25
\BOOKMARK [2][-]{subsection.2.14}{\376\377\000I\000d\000e\000n\000t\000i\000f\000i\000e\000d\000\040\000G\000a\000p\000s}{section.2}% 26
\BOOKMARK [1][-]{section.3}{\376\377\000M\000e\000t\000h\000o\000d\000s}{}% 27
\BOOKMARK [2][-]{subsection.3.1}{\376\377\000M\000e\000t\000h\000o\000d\000o\000l\000o\000g\000i\000c\000a\000l\000\040\000F\000r\000a\000m\000e\000w\000o\000r\000k}{section.3}% 28
\BOOKMARK [3][-]{subsubsection.3.1.1}{\376\377\000T\000h\000e\000\040\000P\000r\000o\000p\000o\000s\000e\000d\000\040\000S\000t\000r\000u\000c\000t\000u\000r\000e}{subsection.3.1}% 29
\BOOKMARK [2][-]{subsection.3.2}{\376\377\000M\000a\000t\000h\000e\000m\000a\000t\000i\000c\000a\000l\000\040\000M\000o\000d\000e\000l}{section.3}% 30
\BOOKMARK [3][-]{subsubsection.3.2.1}{\376\377\000L\000o\000c\000a\000l\000\040\000R\000e\000a\000l\000\040\000U\000r\000g\000e\000n\000c\000y}{subsection.3.2}% 31
\BOOKMARK [3][-]{subsubsection.3.2.2}{\376\377\000W\000h\000y\000\040\000T\000h\000e\000s\000e\000\040\000S\000i\000x\000\040\000B\000l\000o\000c\000k\000s}{subsection.3.2}% 32
\BOOKMARK [3][-]{subsubsection.3.2.3}{\376\377\000L\000o\000c\000a\000l\000\040\000D\000e\000c\000l\000a\000r\000e\000d\000\040\000U\000r\000g\000e\000n\000c\000y}{subsection.3.2}% 33
\BOOKMARK [3][-]{subsubsection.3.2.4}{\376\377\000N\000e\000t\000w\000o\000r\000k\000\040\000P\000r\000o\000p\000a\000g\000a\000t\000i\000o\000n}{subsection.3.2}% 34
\BOOKMARK [3][-]{subsubsection.3.2.5}{\376\377\000N\000e\000t\000w\000o\000r\000k\000\040\000C\000r\000i\000t\000i\000c\000a\000l\000i\000t\000y\000\040\000I\000n\000d\000e\000x}{subsection.3.2}% 35
\BOOKMARK [3][-]{subsubsection.3.2.6}{\376\377\000A\000s\000y\000m\000m\000e\000t\000r\000i\000c\000\040\000C\000o\000g\000n\000i\000t\000i\000v\000e\000\040\000A\000d\000e\000q\000u\000a\000c\000y}{subsection.3.2}% 36
\BOOKMARK [2][-]{subsection.3.3}{\376\377\000S\000y\000s\000t\000e\000m\000\040\000I\000m\000p\000l\000e\000m\000e\000n\000t\000a\000t\000i\000o\000n}{section.3}% 37
\BOOKMARK [3][-]{subsubsection.3.3.1}{\376\377\000A\000r\000c\000h\000i\000t\000e\000c\000t\000u\000r\000e}{subsection.3.3}% 38
\BOOKMARK [3][-]{subsubsection.3.3.2}{\376\377\000W\000e\000e\000k\000l\000y\000\040\000R\000e\000v\000i\000e\000w\000\040\000C\000y\000c\000l\000e\000\040\000a\000n\000d\000\040\000C\000a\000l\000i\000b\000r\000a\000t\000e\000d\000\040\000E\000v\000e\000n\000t\000\040\000E\000n\000g\000i\000n\000e}{subsection.3.3}% 39
\BOOKMARK [3][-]{subsubsection.3.3.3}{\376\377\000E\000x\000p\000l\000a\000i\000n\000a\000b\000i\000l\000i\000t\000y\000,\000\040\000E\000x\000p\000o\000r\000t\000\040\000a\000n\000d\000\040\000O\000p\000e\000r\000a\000t\000i\000o\000n\000a\000l\000\040\000H\000a\000r\000d\000e\000n\000i\000n\000g}{subsection.3.3}% 40
\BOOKMARK [2][-]{subsection.3.4}{\376\377\000E\000x\000p\000e\000r\000i\000m\000e\000n\000t\000a\000l\000\040\000D\000e\000s\000i\000g\000n\000:\000\040\000T\000h\000e\000\040\000H\000\311\000L\000I\000O\000S\000\040\000C\000a\000m\000p\000a\000i\000g\000n}{section.3}% 41
\BOOKMARK [3][-]{subsubsection.3.4.1}{\376\377\000S\000c\000e\000n\000a\000r\000i\000o\000\040\000a\000n\000d\000\040\000N\000e\000t\000w\000o\000r\000k}{subsection.3.4}% 42
\BOOKMARK [3][-]{subsubsection.3.4.2}{\376\377\000D\000a\000t\000a\000\040\000P\000r\000o\000v\000e\000n\000a\000n\000c\000e}{subsection.3.4}% 43
\BOOKMARK [3][-]{subsubsection.3.4.3}{\376\377\000P\000r\000e\000-\000r\000e\000g\000i\000s\000t\000e\000r\000e\000d\000\040\000H\000y\000p\000o\000t\000h\000e\000s\000e\000s}{subsection.3.4}% 44
\BOOKMARK [3][-]{subsubsection.3.4.4}{\376\377\000T\000h\000e\000\040\000T\000h\000r\000e\000e\000\040\000A\000r\000m\000s}{subsection.3.4}% 45
\BOOKMARK [3][-]{subsubsection.3.4.5}{\376\377\000S\000c\000o\000r\000i\000n\000g\000\040\000P\000r\000o\000t\000o\000c\000o\000l}{subsection.3.4}% 46
\BOOKMARK [2][-]{subsection.3.5}{\376\377\000L\000i\000m\000i\000t\000a\000t\000i\000o\000n\000s\000\040\000a\000n\000d\000\040\000S\000i\000m\000p\000l\000i\000f\000i\000c\000a\000t\000i\000o\000n\000s\000\040\000o\000f\000\040\000t\000h\000e\000\040\000M\000e\000t\000h\000o\000d}{section.3}% 47
\BOOKMARK [2][-]{subsection.3.6}{\376\377\000R\000e\000p\000r\000o\000d\000u\000c\000i\000b\000i\000l\000i\000t\000y}{section.3}% 48
\BOOKMARK [2][-]{subsection.3.7}{\376\377\000E\000t\000h\000i\000c\000a\000l\000\040\000C\000o\000n\000s\000i\000d\000e\000r\000a\000t\000i\000o\000n\000s}{section.3}% 49
\BOOKMARK [2][-]{subsection.3.8}{\376\377\000C\000o\000n\000c\000l\000u\000s\000i\000o\000n}{section.3}% 50
\BOOKMARK [1][-]{section.4}{\376\377\000R\000e\000s\000u\000l\000t\000s\000\040\000a\000n\000d\000\040\000D\000i\000s\000c\000u\000s\000s\000i\000o\000n}{}% 51
\BOOKMARK [2][-]{subsection.4.1}{\376\377\000I\000n\000t\000r\000o\000d\000u\000c\000t\000i\000o\000n}{section.4}% 52
\BOOKMARK [2][-]{subsection.4.2}{\376\377\000T\000h\000e\000\040\000D\000e\000l\000i\000v\000e\000r\000e\000d\000\040\000S\000y\000s\000t\000e\000m}{section.4}% 53
\BOOKMARK [2][-]{subsection.4.3}{\376\377\000M\000e\000c\000h\000a\000n\000i\000c\000a\000l\000\040\000V\000a\000l\000i\000d\000a\000t\000i\000o\000n\000:\000\040\000T\000h\000e\000\040\000S\000y\000n\000t\000h\000e\000t\000i\000c\000\040\000D\000r\000y\000\040\000R\000u\000n}{section.4}% 54
\BOOKMARK [2][-]{subsection.4.4}{\376\377\000A\000r\000m\000\040\000A\000:\000\040\000B\000l\000i\000n\000d\000\040\000D\000e\000c\000l\000a\000r\000a\000t\000i\000o\000n\000\040\000b\000y\000\040\000E\000i\000g\000h\000t\000\040\000I\000s\000o\000l\000a\000t\000e\000d\000\040\000A\000g\000e\000n\000t\000s}{section.4}% 55
\BOOKMARK [2][-]{subsection.4.5}{\376\377\000W\000h\000a\000t\000\040\000t\000h\000e\000\040\000A\000d\000e\000q\000u\000a\000c\000y\000\040\000S\000i\000g\000n\000a\000l\000\040\000G\000e\000t\000s\000\040\000R\000i\000g\000h\000t\000:\000\040\000N\000o\000d\000e\000-\000L\000e\000v\000e\000l\000\040\000T\000a\000r\000g\000e\000t\000i\000n\000g}{section.4}% 56
\BOOKMARK [3][-]{subsubsection.4.5.1}{\376\377\000W\000h\000y\000\040\000t\000h\000e\000\040\000S\000i\000g\000n\000a\000l\000\040\000D\000e\000g\000r\000a\000d\000e\000s\000,\000\040\000a\000n\000d\000\040\000W\000h\000a\000t\000\040\000t\000h\000e\000\040\000S\000a\000m\000p\000l\000e\000\040\000S\000u\000p\000p\000o\000r\000t\000s}{subsection.4.5}% 57
\BOOKMARK [3][-]{subsubsection.4.5.2}{\376\377\000T\000h\000e\000\040\000S\000e\000c\000o\000n\000d\000\040\000C\000h\000a\000i\000n\000,\000\040\000a\000n\000d\000\040\000t\000h\000e\000\040\000B\000o\000u\000n\000d\000a\000r\000y\000\040\000I\000t\000\040\000D\000r\000a\000w\000s}{subsection.4.5}% 58
\BOOKMARK [2][-]{subsection.4.6}{\376\377\000A\000r\000m\000\040\000A\000\040\000R\000e\000s\000c\000o\000r\000e\000d\000:\000\040\000D\000i\000s\000c\000r\000i\000m\000i\000n\000a\000t\000i\000o\000n\000\040\000W\000i\000t\000h\000o\000u\000t\000\040\000C\000a\000l\000i\000b\000r\000a\000t\000i\000o\000n}{section.4}% 59
\BOOKMARK [3][-]{subsubsection.4.6.1}{\376\377\000T\000h\000e\000\040\000M\000e\000c\000h\000a\000n\000i\000s\000m}{subsection.4.6}% 60
\BOOKMARK [2][-]{subsection.4.7}{\376\377\000T\000h\000e\000\040\000T\000a\000r\000g\000e\000t\000-\000D\000e\000f\000i\000n\000i\000t\000i\000o\000n\000\040\000T\000r\000a\000p}{section.4}% 61
\BOOKMARK [2][-]{subsection.4.8}{\376\377\000H\000o\000w\000\040\000M\000u\000c\000h\000\040\000o\000f\000\040\000T\000h\000i\000s\000\040\000I\000s\000\040\000S\000i\000g\000n\000a\000l}{section.4}% 62
\BOOKMARK [2][-]{subsection.4.9}{\376\377\000A\000r\000m\000\040\000B\000:\000\040\000W\000h\000a\000t\000\040\000H\000a\000p\000p\000e\000n\000s\000\040\000W\000h\000e\000n\000\040\000t\000h\000e\000\040\000F\000o\000r\000e\000c\000a\000s\000t\000\040\000I\000s\000\040\000S\000h\000o\000w\000n}{section.4}% 63
\BOOKMARK [3][-]{subsubsection.4.9.1}{\376\377\000T\000h\000e\000\040\000S\000a\000m\000e\000\040\000T\000e\000s\000t\000\040\000o\000n\000\040\000t\000h\000e\000\040\000S\000e\000c\000o\000n\000d\000\040\000C\000h\000a\000i\000n}{subsection.4.9}% 64
\BOOKMARK [3][-]{subsubsection.4.9.2}{\376\377\000W\000h\000a\000t\000\040\000t\000h\000e\000\040\000M\000o\000d\000e\000l\000\040\000B\000e\000i\000n\000g\000\040\000F\000o\000l\000l\000o\000w\000e\000d\000\040\000A\000c\000t\000u\000a\000l\000l\000y\000\040\000K\000n\000o\000w\000s}{subsection.4.9}% 65
\BOOKMARK [2][-]{subsection.4.10}{\376\377\000T\000h\000e\000\040\000R\000e\000p\000a\000i\000r\000,\000\040\000i\000n\000\040\000B\000r\000i\000e\000f}{section.4}% 66
\BOOKMARK [2][-]{subsection.4.11}{\376\377\000D\000i\000s\000c\000u\000s\000s\000i\000o\000n}{section.4}% 67
\BOOKMARK [1][-]{section.5}{\376\377\000C\000o\000n\000c\000l\000u\000s\000i\000o\000n}{}% 68
\BOOKMARK [2][-]{subsection.5.1}{\376\377\000A\000n\000s\000w\000e\000r\000s\000\040\000t\000o\000\040\000t\000h\000e\000\040\000R\000e\000s\000e\000a\000r\000c\000h\000\040\000Q\000u\000e\000s\000t\000i\000o\000n\000s}{section.5}% 69
\BOOKMARK [2][-]{subsection.5.2}{\376\377\000C\000o\000n\000t\000r\000i\000b\000u\000t\000i\000o\000n\000s}{section.5}% 70
\BOOKMARK [2][-]{subsection.5.3}{\376\377\000S\000t\000a\000t\000u\000s\000\040\000o\000f\000\040\000t\000h\000e\000\040\000R\000e\000s\000e\000a\000r\000c\000h\000\040\000H\000y\000p\000o\000t\000h\000e\000s\000e\000s}{section.5}% 71
\BOOKMARK [2][-]{subsection.5.4}{\376\377\000L\000i\000m\000i\000t\000a\000t\000i\000o\000n\000s}{section.5}% 72
\BOOKMARK [2][-]{subsection.5.5}{\376\377\000F\000u\000t\000u\000r\000e\000\040\000W\000o\000r\000k}{section.5}% 73
\BOOKMARK [2][-]{subsection.5.6}{\376\377\000P\000e\000r\000s\000o\000n\000a\000l\000\040\000C\000o\000n\000c\000l\000u\000s\000i\000o\000n}{section.5}% 74
\BOOKMARK [3][-]{subsubsection.5.6.1}{\376\377\000T\000e\000c\000h\000n\000i\000c\000a\000l\000\040\000S\000k\000i\000l\000l\000s\000\040\000D\000e\000v\000e\000l\000o\000p\000e\000d}{subsection.5.6}% 75
\BOOKMARK [3][-]{subsubsection.5.6.2}{\376\377\000W\000h\000a\000t\000\040\000I\000\040\000L\000e\000a\000r\000n\000e\000d}{subsection.5.6}% 76
\BOOKMARK [1][-]{section*.89}{\376\377\000R\000e\000f\000e\000r\000e\000n\000c\000e\000s}{}% 77
\BOOKMARK [1][-]{appendix.A}{\376\377\000E\000t\000h\000i\000c\000s\000\040\000D\000o\000c\000u\000m\000e\000n\000t\000a\000t\000i\000o\000n}{}% 78
\BOOKMARK [1][-]{appendix.B}{\376\377\000S\000o\000u\000r\000c\000e\000\040\000R\000e\000v\000i\000e\000w\000\040\000G\000r\000i\000d}{}% 79
\BOOKMARK [1][-]{appendix.C}{\376\377\000H\000\311\000L\000I\000O\000S\000\040\000C\000a\000m\000p\000a\000i\000g\000n\000\040\000P\000r\000o\000t\000o\000c\000o\000l\000\040\000E\000x\000t\000r\000a\000c\000t}{}% 80
\BOOKMARK [2][-]{subsection.C.1}{\376\377\000S\000c\000e\000n\000a\000r\000i\000o\000\040\000a\000n\000d\000\040\000N\000e\000t\000w\000o\000r\000k}{appendix.C}% 81
\BOOKMARK [2][-]{subsection.C.2}{\376\377\000P\000r\000o\000t\000o\000c\000o\000l\000\040\000I\000n\000t\000e\000g\000r\000i\000t\000y\000\040\000a\000n\000d\000\040\000C\000o\000n\000t\000r\000o\000l\000s}{appendix.C}% 82
\BOOKMARK [1][-]{appendix.D}{\376\377\000F\000u\000l\000l\000\040\000S\000c\000o\000r\000i\000n\000g\000\040\000T\000a\000b\000l\000e\000s}{}% 83
\BOOKMARK [1][-]{appendix.E}{\376\377\000S\000a\000t\000e\000l\000l\000i\000t\000e\000\040\000C\000a\000p\000a\000c\000i\000t\000y\000\040\000E\000s\000t\000i\000m\000a\000t\000i\000o\000n\000:\000\040\000P\000r\000o\000t\000o\000c\000o\000l\000\040\000a\000n\000d\000\040\000D\000a\000t\000a}{}% 84
\BOOKMARK [1][-]{appendix.F}{\376\377\000A\000\040\000W\000o\000r\000k\000e\000d\000\040\000E\000x\000a\000m\000p\000l\000e\000,\000\040\000E\000n\000d\000\040\000t\000o\000\040\000E\000n\000d}{}% 85
\BOOKMARK [2][-]{subsection.F.1}{\376\377\000S\000t\000a\000g\000e\000\040\0001\000:\000\040\000s\000i\000x\000\040\000b\000l\000o\000c\000k\000s\000\040\000i\000n\000t\000o\000\040\000a\000\040\000l\000o\000c\000a\000l\000\040\000u\000r\000g\000e\000n\000c\000y}{appendix.F}% 86
\BOOKMARK [2][-]{subsection.F.2}{\376\377\000S\000t\000a\000g\000e\000\040\0002\000:\000\040\000p\000r\000o\000p\000a\000g\000a\000t\000i\000o\000n\000\040\000a\000l\000o\000n\000g\000\040\000a\000\040\000t\000h\000r\000e\000e\000-\000n\000o\000d\000e\000\040\000c\000h\000a\000i\000n}{appendix.F}% 87
\BOOKMARK [2][-]{subsection.F.3}{\376\377\000S\000t\000a\000g\000e\000\040\0003\000:\000\040\000w\000h\000i\000c\000h\000\040\000n\000o\000d\000e\000\040\000i\000s\000\040\000t\000h\000e\000\040\000m\000o\000s\000t\000\040\000c\000r\000i\000t\000i\000c\000a\000l}{appendix.F}% 88
\BOOKMARK [2][-]{subsection.F.4}{\376\377\000S\000t\000a\000g\000e\000\040\0004\000:\000\040\000t\000h\000e\000\040\000d\000e\000c\000l\000a\000r\000a\000t\000i\000o\000n\000,\000\040\000a\000n\000d\000\040\000t\000h\000e\000\040\000a\000d\000e\000q\000u\000a\000c\000y\000\040\000i\000t\000\040\000p\000r\000o\000d\000u\000c\000e\000s}{appendix.F}% 89
\BOOKMARK [1][-]{appendix.G}{\376\377\000R\000e\000g\000i\000s\000t\000e\000r\000\040\000o\000f\000\040\000M\000o\000d\000e\000l\000l\000i\000n\000g\000\040\000A\000s\000s\000u\000m\000p\000t\000i\000o\000n\000s}{}% 90
\BOOKMARK [2][-]{subsection.G.1}{\376\377\000T\000h\000e\000\040\000r\000e\000g\000i\000s\000t\000e\000r}{appendix.G}% 91
\BOOKMARK [2][-]{subsection.G.2}{\376\377\000W\000h\000a\000t\000\040\000t\000h\000e\000\040\000r\000e\000g\000i\000s\000t\000e\000r\000\040\000s\000a\000y\000s\000\040\000w\000h\000e\000n\000\040\000r\000e\000a\000d\000\040\000a\000s\000\040\000a\000\040\000w\000h\000o\000l\000e}{appendix.G}% 92
\BOOKMARK [1][-]{appendix.H}{\376\377\000T\000e\000c\000h\000n\000i\000c\000a\000l\000\040\000S\000u\000p\000p\000l\000e\000m\000e\000n\000t}{}% 93
\BOOKMARK [2][-]{subsection.H.1}{\376\377\000N\000o\000t\000a\000t\000i\000o\000n}{appendix.H}% 94
\BOOKMARK [2][-]{subsection.H.2}{\376\377\000E\000l\000i\000c\000i\000t\000a\000t\000i\000o\000n\000\040\000a\000n\000d\000\040\000o\000u\000t\000r\000a\000n\000k\000i\000n\000g\000,\000\040\000i\000n\000\040\000f\000u\000l\000l}{appendix.H}% 95
\BOOKMARK [2][-]{subsection.H.3}{\376\377\000T\000h\000e\000\040\000f\000o\000r\000e\000c\000a\000s\000t\000\040\000l\000a\000y\000e\000r\000,\000\040\000s\000p\000e\000c\000i\000f\000i\000e\000d}{appendix.H}% 96
\BOOKMARK [2][-]{subsection.H.4}{\376\377\000C\000o\000m\000p\000u\000t\000a\000t\000i\000o\000n\000a\000l\000\040\000c\000o\000m\000p\000l\000e\000x\000i\000t\000y\000\040\000a\000n\000d\000\040\000m\000e\000a\000s\000u\000r\000e\000d\000\040\000s\000c\000a\000l\000a\000b\000i\000l\000i\000t\000y}{appendix.H}% 97
\BOOKMARK [1][-]{appendix.I}{\376\377\000O\000b\000s\000e\000r\000v\000e\000d\000\040\000C\000a\000p\000a\000c\000i\000t\000y\000:\000\040\000A\000n\000\040\000O\000p\000e\000n\000i\000n\000g}{}% 98
\BOOKMARK [2][-]{subsection.I.1}{\376\377\000T\000h\000e\000\040\000P\000h\000y\000s\000i\000c\000a\000l\000\040\000L\000i\000m\000i\000t\000\040\000a\000n\000d\000\040\000t\000h\000e\000\040\000R\000e\000f\000r\000a\000m\000i\000n\000g}{appendix.I}% 99
\BOOKMARK [2][-]{subsection.I.2}{\376\377\000L\000e\000a\000r\000n\000e\000d\000\040\000D\000o\000c\000k\000-\000Z\000o\000n\000e\000\040\000S\000e\000g\000m\000e\000n\000t\000a\000t\000i\000o\000n}{appendix.I}% 100
\BOOKMARK [2][-]{subsection.I.3}{\376\377\000W\000h\000a\000t\000\040\000T\000h\000i\000s\000\040\000C\000a\000n\000\040\000a\000n\000d\000\040\000C\000a\000n\000n\000o\000t\000\040\000F\000e\000e\000d}{appendix.I}% 101
\BOOKMARK [2][-]{subsection.I.4}{\376\377\000R\000e\000f\000e\000r\000e\000n\000c\000e\000\040\000t\000a\000b\000l\000e\000s}{appendix.I}% 102
\BOOKMARK [2][-]{subsection.I.5}{\376\377\000S\000u\000m\000m\000a\000r\000y\000\040\000t\000a\000b\000l\000e\000s\000\040\000o\000f\000\040\000t\000h\000e\000\040\000c\000o\000n\000c\000l\000u\000s\000i\000o\000n}{appendix.I}% 103
\BOOKMARK [1][-]{appendix.J}{\376\377\000T\000h\000e\000\040\000R\000e\000p\000a\000i\000r\000\040\000a\000n\000d\000\040\000I\000t\000s\000\040\000R\000e\000-\000m\000e\000a\000s\000u\000r\000e\000m\000e\000n\000t}{}% 104
\BOOKMARK [2][-]{subsection.J.1}{\376\377\000T\000h\000e\000\040\000R\000e\000p\000a\000i\000r\000\040\000T\000h\000a\000t\000\040\000W\000a\000s\000\040\000R\000e\000c\000o\000m\000m\000e\000n\000d\000e\000d\000\040\000D\000o\000e\000s\000\040\000N\000o\000t\000\040\000W\000o\000r\000k}{appendix.J}% 105
\BOOKMARK [2][-]{subsection.J.2}{\376\377\000T\000w\000o\000\040\000F\000u\000r\000t\000h\000e\000r\000\040\000D\000e\000f\000e\000c\000t\000s\000\040\000E\000x\000p\000o\000s\000e\000d\000\040\000b\000y\000\040\000t\000h\000e\000\040\000F\000i\000r\000s\000t}{appendix.J}% 106
\BOOKMARK [2][-]{subsection.J.3}{\376\377\000T\000h\000e\000\040\000R\000e\000-\000m\000e\000a\000s\000u\000r\000e\000m\000e\000n\000t}{appendix.J}% 107
\BOOKMARK [2][-]{subsection.J.4}{\376\377\000A\000\040\000T\000h\000i\000r\000d\000\040\000A\000r\000m\000,\000\040\000a\000n\000d\000\040\000W\000h\000a\000t\000\040\000I\000t\000\040\000D\000o\000e\000s\000\040\000N\000o\000t\000\040\000S\000h\000o\000w}{appendix.J}% 108
\BOOKMARK [2][-]{subsection.J.5}{\376\377\000A\000\040\000H\000y\000p\000o\000t\000h\000e\000s\000i\000s\000\040\000T\000h\000a\000t\000\040\000B\000e\000c\000a\000m\000e\000\040\000M\000e\000a\000s\000u\000r\000a\000b\000l\000e\000\040\000A\000g\000a\000i\000n}{appendix.J}% 109
