This is pdfTeX, Version 3.141592653-2.6-1.40.29 (TeX Live 2026) (preloaded format=pdflatex 2026.4.16)  25 AUG 2026 14:53
entering extended mode
 restricted \write18 enabled.
 %&-line parsing enabled.
**main.tex
(./main.tex
LaTeX2e <2025-11-01>
L3 programming layer <2026-03-20>
(c:/texlive/2026/texmf-dist/tex/latex/base/article.cls
Document Class: article 2025/01/22 v1.4n Standard LaTeX document class
(c:/texlive/2026/texmf-dist/tex/latex/base/size12.clo
File: size12.clo 2025/01/22 v1.4n Standard LaTeX file (size option)
)
\c@part=\count275
\c@section=\count276
\c@subsection=\count277
\c@subsubsection=\count278
\c@paragraph=\count279
\c@subparagraph=\count280
\c@figure=\count281
\c@table=\count282
\abovecaptionskip=\skip49
\belowcaptionskip=\skip50
\bibindent=\dimen150
)
(c:/texlive/2026/texmf-dist/tex/latex/base/inputenc.sty
Package: inputenc 2024/02/08 v1.3d Input encoding file
\inpenc@prehook=\toks17
\inpenc@posthook=\toks18
)
(c:/texlive/2026/texmf-dist/tex/latex/base/fontenc.sty
Package: fontenc 2025/07/18 v2.1d Standard LaTeX package
)
(c:/texlive/2026/texmf-dist/tex/latex/microtype/microtype.sty
Package: microtype 2026/03/01 v3.2d Micro-typographical refinements (RS)

(c:/texlive/2026/texmf-dist/tex/latex/graphics/keyval.sty
Package: keyval 2022/05/29 v1.15 key=value parser (DPC)
\KV@toks@=\toks19
)
(c:/texlive/2026/texmf-dist/tex/latex/etoolbox/etoolbox.sty
Package: etoolbox 2025/10/02 v2.5m e-TeX tools for LaTeX (JAW)
\etb@tempcnta=\count283
)
\MT@toks=\toks20
\MT@tempbox=\box53
\MT@count=\count284
LaTeX Info: Redefining \noprotrusionifhmode on input line 1084.
LaTeX Info: Redefining \leftprotrusion on input line 1085.
\MT@prot@toks=\toks21
LaTeX Info: Redefining \rightprotrusion on input line 1104.
LaTeX Info: Redefining \textls on input line 1449.
\MT@outer@kern=\dimen151
LaTeX Info: Redefining \microtypecontext on input line 2053.
LaTeX Info: Redefining \textmicrotypecontext on input line 2070.
\MT@listname@count=\count285

(c:/texlive/2026/texmf-dist/tex/latex/microtype/microtype-pdftex.def
File: microtype-pdftex.def 2026/03/01 v3.2d Definitions specific to pdftex (RS)

LaTeX Info: Redefining \lsstyle on input line 944.
LaTeX Info: Redefining \lslig on input line 944.
\MT@outer@space=\skip51
)
Package microtype Info: Loading configuration file microtype.cfg.

(c:/texlive/2026/texmf-dist/tex/latex/microtype/microtype.cfg
File: microtype.cfg 2026/03/01 v3.2d microtype main configuration file (RS)
)
LaTeX Info: Redefining \microtypesetup on input line 3065.
)
(c:/texlive/2026/texmf-dist/tex/latex/carlito/carlito.sty
Package: carlito 2022/10/05 (Bob Tennent) Supports Carlito fonts for LaTeX, pdf
LaTeX, luaLaTeX and xeLaTeX.

(c:/texlive/2026/texmf-dist/tex/generic/iftex/ifxetex.sty
Package: ifxetex 2019/10/25 v0.7 ifxetex legacy package. Use iftex instead.

(c:/texlive/2026/texmf-dist/tex/generic/iftex/iftex.sty
Package: iftex 2024/12/12 v1.0g TeX engine tests
))
(c:/texlive/2026/texmf-dist/tex/generic/iftex/ifluatex.sty
Package: ifluatex 2019/10/25 v1.5 ifluatex legacy package. Use iftex instead.
)
(c:/texlive/2026/texmf-dist/tex/latex/xkeyval/xkeyval.sty
Package: xkeyval 2025/11/04 v2.10 package option processing (HA)

(c:/texlive/2026/texmf-dist/tex/generic/xkeyval/xkeyval.tex
(c:/texlive/2026/texmf-dist/tex/generic/xkeyval/xkvutils.tex
\XKV@toks=\toks22
\XKV@tempa@toks=\toks23
\XKV@tempb@toks=\toks24
)
\XKV@depth=\count286
File: xkeyval.tex 2014/12/03 v2.7a key=value parser (HA)
))
(c:/texlive/2026/texmf-dist/tex/latex/base/textcomp.sty
Package: textcomp 2024/04/24 v2.1b Standard LaTeX package
)
(c:/texlive/2026/texmf-dist/tex/latex/base/fontenc.sty
Package: fontenc 2025/07/18 v2.1d Standard LaTeX package
)
(c:/texlive/2026/texmf-dist/tex/latex/fontaxes/fontaxes.sty
Package: fontaxes 2026-01-02 v2.0.2 Font selection axes (deprecated)
Applying: [2024-11-01] Use figureversions if present on input line 74.

(c:/texlive/2026/texmf-dist/tex/latex/figureversions/figureversions.sty
Package: figureversions 2025-04-29 v1.0.1 Figure versions
)
Already applied: [0000-00-00] Fall back to v1 on input line 76.
))
(c:/texlive/2026/texmf-dist/tex/latex/xcolor/xcolor.sty
Package: xcolor 2024/09/29 v3.02 LaTeX color extensions (UK)

(c:/texlive/2026/texmf-dist/tex/latex/graphics-cfg/color.cfg
File: color.cfg 2016/01/02 v1.6 sample color configuration
)
Package xcolor Info: Driver file: pdftex.def on input line 274.

(c:/texlive/2026/texmf-dist/tex/latex/graphics-def/pdftex.def
File: pdftex.def 2025/09/29 v1.2d Graphics/color driver for pdftex
)
(c:/texlive/2026/texmf-dist/tex/latex/graphics/mathcolor.ltx)
Package xcolor Info: Model `cmy' substituted by `cmy0' on input line 1349.
Package xcolor Info: Model `hsb' substituted by `rgb' on input line 1353.
Package xcolor Info: Model `RGB' extended on input line 1365.
Package xcolor Info: Model `HTML' substituted by `rgb' on input line 1367.
Package xcolor Info: Model `Hsb' substituted by `hsb' on input line 1368.
Package xcolor Info: Model `tHsb' substituted by `hsb' on input line 1369.
Package xcolor Info: Model `HSB' substituted by `hsb' on input line 1370.
Package xcolor Info: Model `Gray' substituted by `gray' on input line 1371.
Package xcolor Info: Model `wave' substituted by `hsb' on input line 1372.
)
(c:/texlive/2026/texmf-dist/tex/latex/sectsty/sectsty.sty
Package: sectsty 2002/02/25 v2.0.2 Commands to change all sectional heading sty
les


LaTeX Warning: Command \underbar  has changed.
               Check if current package is valid.


LaTeX Warning: Command \underline  has changed.
               Check if current package is valid.

) (c:/texlive/2026/texmf-dist/tex/latex/geometry/geometry.sty
Package: geometry 2026/03/07 v6.0 Page Geometry

(c:/texlive/2026/texmf-dist/tex/generic/iftex/ifvtex.sty
Package: ifvtex 2019/10/25 v1.7 ifvtex legacy package. Use iftex instead.
)
\Gm@cnth=\count287
\Gm@cntv=\count288
\c@Gm@tempcnt=\count289
\Gm@bindingoffset=\dimen152
\Gm@wd@mp=\dimen153
\Gm@odd@mp=\dimen154
\Gm@even@mp=\dimen155
\Gm@layoutwidth=\dimen156
\Gm@layoutheight=\dimen157
\Gm@layouthoffset=\dimen158
\Gm@layoutvoffset=\dimen159
\Gm@dimlist=\toks25
)
(c:/texlive/2026/texmf-dist/tex/latex/fancyhdr/fancyhdr.sty
Package: fancyhdr 2025/02/07 v5.2 Extensive control of page headers and footers

\f@nch@headwidth=\skip52
\f@nch@offset@elh=\skip53
\f@nch@offset@erh=\skip54
\f@nch@offset@olh=\skip55
\f@nch@offset@orh=\skip56
\f@nch@offset@elf=\skip57
\f@nch@offset@erf=\skip58
\f@nch@offset@olf=\skip59
\f@nch@offset@orf=\skip60
\f@nch@height=\skip61
\f@nch@footalignment=\skip62
\f@nch@widthL=\skip63
\f@nch@widthC=\skip64
\f@nch@widthR=\skip65
\@temptokenb=\toks26
)
(c:/texlive/2026/texmf-dist/tex/latex/parskip/parskip.sty
Package: parskip 2021-03-14 v2.0h non-zero parskip adjustments

(c:/texlive/2026/texmf-dist/tex/latex/kvoptions/kvoptions.sty
Package: kvoptions 2022-06-15 v3.15 Key value format for package options (HO)

(c:/texlive/2026/texmf-dist/tex/generic/ltxcmds/ltxcmds.sty
Package: ltxcmds 2023-12-04 v1.26 LaTeX kernel commands for general use (HO)
)
(c:/texlive/2026/texmf-dist/tex/latex/kvsetkeys/kvsetkeys.sty
Package: kvsetkeys 2022-10-05 v1.19 Key value parser (HO)
)))
(c:/texlive/2026/texmf-dist/tex/latex/biblatex/biblatex.sty
Package: biblatex 2025/07/10 v3.21 programmable bibliographies (PK/MW)

(c:/texlive/2026/texmf-dist/tex/generic/pdftexcmds/pdftexcmds.sty
Package: pdftexcmds 2020-06-27 v0.33 Utility functions of pdfTeX for LuaTeX (HO
)

(c:/texlive/2026/texmf-dist/tex/generic/infwarerr/infwarerr.sty
Package: infwarerr 2019/12/03 v1.5 Providing info/warning/error messages (HO)
)
Package pdftexcmds Info: \pdf@primitive is available.
Package pdftexcmds Info: \pdf@ifprimitive is available.
Package pdftexcmds Info: \pdfdraftmode found.
)
(c:/texlive/2026/texmf-dist/tex/latex/logreq/logreq.sty
Package: logreq 2010/08/04 v1.0 xml request logger
\lrq@indent=\count290

(c:/texlive/2026/texmf-dist/tex/latex/logreq/logreq.def
File: logreq.def 2010/08/04 v1.0 logreq spec v1.0
))
(c:/texlive/2026/texmf-dist/tex/latex/base/ifthen.sty
Package: ifthen 2024/03/16 v1.1e Standard LaTeX ifthen package (DPC)
)
(c:/texlive/2026/texmf-dist/tex/latex/url/url.sty
\Urlmuskip=\muskip17
Package: url 2013/09/16  ver 3.4  Verb mode for urls, etc.
)
\c@tabx@nest=\count291
\c@listtotal=\count292
\c@listcount=\count293
\c@liststart=\count294
\c@liststop=\count295
\c@citecount=\count296
\c@citetotal=\count297
\c@multicitecount=\count298
\c@multicitetotal=\count299
\c@instcount=\count300
\c@maxnames=\count301
\c@minnames=\count302
\c@maxitems=\count303
\c@minitems=\count304
\c@citecounter=\count305
\c@maxcitecounter=\count306
\c@savedcitecounter=\count307
\c@uniquelist=\count308
\c@uniquename=\count309
\c@refsection=\count310
\c@refsegment=\count311
\c@maxextratitle=\count312
\c@maxextratitleyear=\count313
\c@maxextraname=\count314
\c@maxextradate=\count315
\c@maxextraalpha=\count316
\c@abbrvpenalty=\count317
\c@highnamepenalty=\count318
\c@lownamepenalty=\count319
\c@maxparens=\count320
\c@parenlevel=\count321
\blx@tempcnta=\count322
\blx@tempcntb=\count323
\blx@tempcntc=\count324
\c@blx@maxsection=\count325
\blx@maxsegment@0=\count326
\blx@notetype=\count327
\blx@parenlevel@text=\count328
\blx@parenlevel@foot=\count329
\blx@sectionciteorder@0=\count330
\blx@sectionciteorderinternal@0=\count331
\blx@entrysetcounter=\count332
\blx@biblioinstance=\count333
\labelnumberwidth=\skip66
\labelalphawidth=\skip67
\biblabelsep=\skip68
\bibitemsep=\skip69
\bibnamesep=\skip70
\bibinitsep=\skip71
\bibparsep=\skip72
\bibhang=\skip73
\blx@bcfin=\read2
\blx@bcfout=\write3
\blx@langwohyphens=\language91
\c@mincomprange=\count334
\c@maxcomprange=\count335
\c@mincompwidth=\count336
Package biblatex Info: Trying to load biblatex default data model...
Package biblatex Info: ... file 'blx-dm.def' found.

(c:/texlive/2026/texmf-dist/tex/latex/biblatex/blx-dm.def
File: blx-dm.def 2025/07/10 v3.21 biblatex datamodel (PK/MW)
)
Package biblatex Info: Trying to load biblatex style data model...
Package biblatex Info: ... file 'iso-authoryear.dbx' found.

(c:/texlive/2026/texmf-dist/tex/latex/biblatex-iso690/iso-authoryear.dbx
File: iso-authoryear.dbx 2022/03/20 v0.4.1 ISO 690 biblatex data model extensio
n
)
Package biblatex Info: Trying to load biblatex custom data model...
Package biblatex Info: ... file 'biblatex-dm.cfg' not found.
\c@afterword=\count337
\c@savedafterword=\count338
\c@annotator=\count339
\c@savedannotator=\count340
\c@author=\count341
\c@savedauthor=\count342
\c@bookauthor=\count343
\c@savedbookauthor=\count344
\c@commentator=\count345
\c@savedcommentator=\count346
\c@editor=\count347
\c@savededitor=\count348
\c@editora=\count349
\c@savededitora=\count350
\c@editorb=\count351
\c@savededitorb=\count352
\c@editorc=\count353
\c@savededitorc=\count354
\c@foreword=\count355
\c@savedforeword=\count356
\c@holder=\count357
\c@savedholder=\count358
\c@introduction=\count359
\c@savedintroduction=\count360
\c@namea=\count361
\c@savednamea=\count362
\c@nameb=\count363
\c@savednameb=\count364
\c@namec=\count365
\c@savednamec=\count366
\c@translator=\count367
\c@savedtranslator=\count368
\c@shortauthor=\count369
\c@savedshortauthor=\count370
\c@shorteditor=\count371
\c@savedshorteditor=\count372
\c@supervisor=\count373
\c@savedsupervisor=\count374
\c@labelname=\count375
\c@savedlabelname=\count376
\c@institution=\count377
\c@savedinstitution=\count378
\c@lista=\count379
\c@savedlista=\count380
\c@listb=\count381
\c@savedlistb=\count382
\c@listc=\count383
\c@savedlistc=\count384
\c@listd=\count385
\c@savedlistd=\count386
\c@liste=\count387
\c@savedliste=\count388
\c@listf=\count389
\c@savedlistf=\count390
\c@location=\count391
\c@savedlocation=\count392
\c@organization=\count393
\c@savedorganization=\count394
\c@origlocation=\count395
\c@savedoriglocation=\count396
\c@origpublisher=\count397
\c@savedorigpublisher=\count398
\c@publisher=\count399
\c@savedpublisher=\count400
\c@language=\count401
\c@savedlanguage=\count402
\c@origlanguage=\count403
\c@savedoriglanguage=\count404
\c@pageref=\count405
\c@savedpageref=\count406
\shorthandwidth=\skip74
\shortjournalwidth=\skip75
\shortserieswidth=\skip76
\shorttitlewidth=\skip77
\shortauthorwidth=\skip78
\shorteditorwidth=\skip79
\locallabelnumberwidth=\skip80
\locallabelalphawidth=\skip81
\localshorthandwidth=\skip82
\localshortjournalwidth=\skip83
\localshortserieswidth=\skip84
\localshorttitlewidth=\skip85
\localshortauthorwidth=\skip86
\localshorteditorwidth=\skip87
Package biblatex Info: Trying to load compatibility code...
Package biblatex Info: ... file 'blx-compat.def' found.

(c:/texlive/2026/texmf-dist/tex/latex/biblatex/blx-compat.def
File: blx-compat.def 2025/07/10 v3.21 biblatex compatibility (PK/MW)
)
Package biblatex Info: Trying to load generic definitions...
Package biblatex Info: ... file 'biblatex.def' found.

(c:/texlive/2026/texmf-dist/tex/latex/biblatex/biblatex.def
File: biblatex.def 2025/07/10 v3.21 biblatex compatibility (PK/MW)
\c@textcitecount=\count407
\c@textcitetotal=\count408
\c@textcitemaxnames=\count409
\c@biburlbigbreakpenalty=\count410
\c@biburlbreakpenalty=\count411
\c@biburlnumpenalty=\count412
\c@biburlucpenalty=\count413
\c@biburllcpenalty=\count414
\biburlbigskip=\muskip18
\biburlnumskip=\muskip19
\biburlucskip=\muskip20
\biburllcskip=\muskip21
\c@smartand=\count415
)
Package biblatex Info: Trying to load bibliography style 'iso-authoryear'...
Package biblatex Info: ... file 'iso-authoryear.bbx' found.

(c:/texlive/2026/texmf-dist/tex/latex/biblatex-iso690/iso-authoryear.bbx
File: iso-authoryear.bbx 2022/03/20 v0.4.1 ISO 690 biblatex bibliography style
Package biblatex Info: Trying to load bibliography style 'iso'...
Package biblatex Info: ... file 'iso.bbx' found.

(c:/texlive/2026/texmf-dist/tex/latex/biblatex-iso690/iso.bbx
File: iso.bbx 2022/03/20 v0.4.1 ISO 690 biblatex bibliography style
Package biblatex-iso690 Info: Space colon enabled: false.
Package biblatex-iso690 Info: Total pages enabled: false.
Package biblatex-iso690 Info: Short numeration enabled: false.
Package biblatex-iso690 Info: Thesis info in the notes section enabled: true.
Package biblatex-iso690 Info: URL field enabled: true.
Package biblatex-iso690 Info: ISBN field enabled: true.
Package biblatex-iso690 Info: DOI field enabled: true.
Package biblatex-iso690 Info: eprint field enabled: true.
Package biblatex-iso690 Info: Article publication info enabled: false.
Package biblatex-iso690 Info: Use current language for the bibliography: false.

Package biblatex-iso690 Info: Use no end dot for the bibliography entries: fals
e.
Package biblatex Info: Delimiter 'multinamedelim' in context '' already defined
, overwriting.
Package biblatex Info: Delimiter 'finalnamedelim' in context '' already defined
, overwriting.
Package biblatex Info: Delimiter 'editortypedelim' in context '' already define
d, overwriting.
Package biblatex Info: Delimiter 'authortypedelim' in context '' already define
d, overwriting.
)
Package biblatex Info: Delimiter 'nameyeardelim' in context 'bib' already defin
ed, overwriting.
Package biblatex Info: Delimiter 'nameyeardelim' in context 'biblist' already d
efined, overwriting.
Package biblatex Info: Delimiter 'nonameyeardelim' in context 'bib' already def
ined, overwriting.
Package biblatex Info: Delimiter 'nonameyeardelim' in context 'biblist' already
 defined, overwriting.
)
Package biblatex Info: Trying to load citation style 'iso-authoryear'...
Package biblatex Info: ... file 'iso-authoryear.cbx' found.

(c:/texlive/2026/texmf-dist/tex/latex/biblatex-iso690/iso-authoryear.cbx
File: iso-authoryear.cbx 2022/03/20 v0.4.1 ISO 690 biblatex citation style
Package biblatex Info: Trying to load citation style 'authoryear'...
Package biblatex Info: ... file 'authoryear.cbx' found.

(c:/texlive/2026/texmf-dist/tex/latex/biblatex/cbx/authoryear.cbx
File: authoryear.cbx 2025/07/10 v3.21 biblatex citation style (PK/MW)
Package biblatex Info: Redefining '\cite'.
Package biblatex Info: Redefining '\parencite'.
Package biblatex Info: Redefining '\footcite'.
Package biblatex Info: Redefining '\footcitetext'.
Package biblatex Info: Redefining '\smartcite'.
Package biblatex Info: Redefining '\textcite'.
Package biblatex Info: Redefining '\textcites'.
)
Package biblatex Info: Trying to load citation style 'iso-fullcite'...
Package biblatex Info: ... file 'iso-fullcite.cbx' found.

(c:/texlive/2026/texmf-dist/tex/latex/biblatex-iso690/iso-fullcite.cbx
File: iso-fullcite.cbx 2022/03/20 v0.4.1 ISO 690 biblatex fullcite modification
s
Package biblatex Info: Redefining '\fullcite'.
Package biblatex Info: Redefining '\footfullcite'.
)
Package biblatex Info: Delimiter 'nameyeardelim' in context '' already defined,
 overwriting.
Package biblatex Info: Delimiter 'nonameyeardelim' in context '' already define
d, overwriting.
)
Package biblatex Info: Trying to load configuration file...
Package biblatex Info: ... file 'biblatex.cfg' found.

(c:/texlive/2026/texmf-dist/tex/latex/biblatex/biblatex.cfg
File: biblatex.cfg 
)
Package biblatex Info: Input encoding 'utf8' detected.
Package biblatex Info: Document encoding is UTF8 ....

(c:/texlive/2026/texmf-dist/tex/latex/l3kernel/expl3.sty
Package: expl3 2026-03-20 L3 programming layer (loader) 

(c:/texlive/2026/texmf-dist/tex/latex/l3backend/l3backend-pdftex.def
File: l3backend-pdftex.def 2026-02-18 L3 backend support: PDF output (pdfTeX)
\l__color_backend_stack_int=\count416
))
Package biblatex Info: ... and expl3
(biblatex)             2026-03-20 L3 programming layer (loader) 
(biblatex)             is new enough (at least 2020/04/06),
(biblatex)             setting 'casechanger=expl3'.

(c:/texlive/2026/texmf-dist/tex/latex/biblatex/blx-case-expl3.sty
(c:/texlive/2026/texmf-dist/tex/latex/l3packages/xparse/xparse.sty
Package: xparse 2025-10-09 L3 Experimental document command parser
)
Package: blx-case-expl3 2025/07/10 v3.21 expl3 case changing code for biblatex
))
(c:/texlive/2026/texmf-dist/tex/latex/tocbibind/tocbibind.sty
Package: tocbibind 2010/10/13 v1.5k extra ToC listings
Package tocbibind Info: The document has section divisions on input line 50.


Package tocbibind Note: Using section or other style headings.

) (c:/texlive/2026/texmf-dist/tex/latex/glossaries/base/glossaries.sty
Package: glossaries 2026/03/06 v5.0 (NLCT)

(c:/texlive/2026/texmf-dist/tex/latex/mfirstuc/mfirstuc.sty
Package: mfirstuc 2025/04/03 v2.09 (NLCT)
\@glsmfirst=\toks27
\@glsmrest=\toks28
)
(c:/texlive/2026/texmf-dist/tex/latex/xfor/xfor.sty
Package: xfor 2009/02/05 v1.05 (NLCT)
)
(c:/texlive/2026/texmf-dist/tex/latex/amsmath/amsgen.sty
File: amsgen.sty 1999/11/30 v2.0 generic functions
\@emptytoks=\toks29
\ex@=\dimen160
)
(c:/texlive/2026/texmf-dist/tex/latex/datatool/datatool-base.sty
Package: datatool-base 2025/12/04 v3.4.3 (NLCT)

(c:/texlive/2026/texmf-dist/tex/latex/amsmath/amsmath.sty
Package: amsmath 2025/07/09 v2.17z AMS math features
\@mathmargin=\skip88

For additional information on amsmath, use the `?' option.
(c:/texlive/2026/texmf-dist/tex/latex/amsmath/amstext.sty
Package: amstext 2024/11/17 v2.01 AMS text
)
(c:/texlive/2026/texmf-dist/tex/latex/amsmath/amsbsy.sty
Package: amsbsy 1999/11/29 v1.2d Bold Symbols
\pmbraise@=\dimen161
)
(c:/texlive/2026/texmf-dist/tex/latex/amsmath/amsopn.sty
Package: amsopn 2022/04/08 v2.04 operator names
)
\inf@bad=\count417
LaTeX Info: Redefining \frac on input line 233.
\uproot@=\count418
\leftroot@=\count419
LaTeX Info: Redefining \overline on input line 398.
LaTeX Info: Redefining \colon on input line 409.
\classnum@=\count420
\DOTSCASE@=\count421
LaTeX Info: Redefining \ldots on input line 495.
LaTeX Info: Redefining \dots on input line 498.
LaTeX Info: Redefining \cdots on input line 619.
\Mathstrutbox@=\box54
\strutbox@=\box55
LaTeX Info: Redefining \big on input line 721.
LaTeX Info: Redefining \Big on input line 722.
LaTeX Info: Redefining \bigg on input line 723.
LaTeX Info: Redefining \Bigg on input line 724.
\big@size=\dimen162
LaTeX Font Info:    Redeclaring font encoding OML on input line 742.
LaTeX Font Info:    Redeclaring font encoding OMS on input line 743.
\macc@depth=\count422
LaTeX Info: Redefining \bmod on input line 904.
LaTeX Info: Redefining \pmod on input line 909.
LaTeX Info: Redefining \smash on input line 939.
LaTeX Info: Redefining \relbar on input line 969.
LaTeX Info: Redefining \Relbar on input line 970.
\c@MaxMatrixCols=\count423
\dotsspace@=\muskip22
\c@parentequation=\count424
\dspbrk@lvl=\count425
\tag@help=\toks30
\row@=\count426
\column@=\count427
\maxfields@=\count428
\andhelp@=\toks31
\eqnshift@=\dimen163
\alignsep@=\dimen164
\tagshift@=\dimen165
\tagwidth@=\dimen166
\totwidth@=\dimen167
\lineht@=\dimen168
\@envbody=\toks32
\multlinegap=\skip89
\multlinetaggap=\skip90
\mathdisplay@stack=\toks33
LaTeX Info: Redefining \[ on input line 2950.
LaTeX Info: Redefining \] on input line 2951.
)
(c:/texlive/2026/texmf-dist/tex/latex/tracklang/tracklang.sty
Package: tracklang 2025/03/11 v1.6.6 (NLCT) Track Languages

(c:/texlive/2026/texmf-dist/tex/generic/tracklang/tracklang.tex))
\l__datatool_tmpa_int=\count429
\l__datatool_tmpb_int=\count430
\l__datatool_tmpc_int=\count431
\l__datatool_tmpd_int=\count432
\l__datatool_count_int=\count433
\l__datatool_tmp_datatype_int=\count434
\l__datatool_tmpa_dim=\dimen169
\l__datatool_tmpb_dim=\dimen170

(c:/texlive/2026/texmf-dist/tex/latex/datatool/datatool-l3fp.def
File: datatool-l3fp.def 2025/12/04 v3.4.3 (NLCT)
)
\@dtl@toks=\toks34
\@dtl@tmpcount=\count435
\dtl@tmplength=\skip91
\l__datatool_measure_box=\box56
\dtl@sortresult=\count436

(c:/texlive/2026/texmf-dist/tex/latex/datatool/datatool-utf8.ldf
File: datatool-utf8.ldf 2025/12/04 v3.4.3 (NLCT)
)
\@dtl@datatype=\count437
\c_datatool_unknown_int=\count438
\l__datatool_year_int=\count439
\l__datatool_month_int=\count440
\l__datatool_day_int=\count441
\l__datatool_hour_int=\count442
\l__datatool_minute_int=\count443
\l__datatool_second_int=\count444
\l__datatool_tzhour_int=\count445
\l__datatool_tzminute_int=\count446
\l__datatool_julian_int=\count447
\l__datatool_local_julian_int=\count448
\l__datatool_prefix_int=\count449
\l__datatool_suffix_int=\count450
\@dtl@foreach@level=\count451
\dtl@codeA=\count452
\dtl@codeB=\count453
)
\gls@level=\count454
\@gls@tmpb=\toks35
\gls@tmplen=\skip92
\l__glossaries_tmpa_dim=\dimen171
\l__glossaries_tmpb_dim=\dimen172
\glskeylisttok=\toks36
\glslabeltok=\toks37
\glsshorttok=\toks38
\glslongtok=\toks39

(c:/texlive/2026/texmf-dist/tex/latex/glossaries/styles/glossary-hypernav.sty
Package: glossary-hypernav 2026/03/06 v5.0 (NLCT)
)
(c:/texlive/2026/texmf-dist/tex/latex/glossaries/styles/glossary-list.sty
Package: glossary-list 2026/03/06 v5.0 (NLCT)
\glslistdottedwidth=\skip93
)
(c:/texlive/2026/texmf-dist/tex/latex/glossaries/styles/glossary-long.sty
Package: glossary-long 2026/03/06 v5.0 (NLCT)

(c:/texlive/2026/texmf-dist/tex/latex/tools/longtable.sty
Package: longtable 2025-10-13 v4.24 Multi-page Table package (DPC)
\LTleft=\skip94
\LTright=\skip95
\LTpre=\skip96
\LTpost=\skip97
\LTchunksize=\count455
\LTcapwidth=\dimen173
\LT@head=\box57
\LT@firsthead=\box58
\LT@foot=\box59
\LT@lastfoot=\box60
\LT@gbox=\box61
\LT@cols=\count456
\LT@rows=\count457
\c@LT@tables=\count458
\c@LT@chunks=\count459
\LT@p@ftn=\toks40
)
\glsdescwidth=\skip98
\glspagelistwidth=\skip99
)
(c:/texlive/2026/texmf-dist/tex/latex/glossaries/styles/glossary-super.sty
Package: glossary-super 2026/03/06 v5.0 (NLCT)

(c:/texlive/2026/texmf-dist/tex/latex/supertabular/supertabular.sty
Package: supertabular 2025/06/26 v4.2d the supertabular environment
\c@tracingst=\count460
\ST@wd=\dimen174
\ST@rightskip=\skip100
\ST@leftskip=\skip101
\ST@parfillskip=\skip102
\ST@pageleft=\dimen175
\ST@headht=\dimen176
\ST@tailht=\dimen177
\ST@pagesofar=\dimen178
\ST@pboxht=\dimen179
\ST@rowht=\dimen180
\ST@prevht=\dimen181
\ST@toadd=\dimen182
\ST@dimen=\dimen183
\ST@pbox=\box62
))
(c:/texlive/2026/texmf-dist/tex/latex/glossaries/styles/glossary-tree.sty
Package: glossary-tree 2026/03/06 v5.0 (NLCT)
\l__glossaries_tree_max_known_level_int=\count461
\l__glossaries_tree_offset_dim=\dimen184
\l__glossaries_tree_namewidth_dim=\dimen185
\l__glossaries_tree_symbolwidth_dim=\dimen186
\l__glossaries_tree_prenamesym_width_dim=\dimen187
\l__glossaries_tree_presubnamesym_width_dim=\dimen188
\l__glossaries_tree_namewidth_padding_dim=\dimen189
\l__glossaries_tree_symbolwidth_padding_dim=\dimen190
\l__glossaries_tree_namesymbolwidth_dim=\dimen191
\l__glossaries_tree_namesymbolwidth_padding_dim=\dimen192
\l__glossaries_tree_level_int=\count462
\glstreeindent=\skip103
))
(../BST_DISCO_JH_2026/Sections/Appendices/Glossary.tex)
(c:/texlive/2026/texmf-dist/tex/latex/pgf/frontendlayer/tikz.sty
(c:/texlive/2026/texmf-dist/tex/latex/pgf/basiclayer/pgf.sty
(c:/texlive/2026/texmf-dist/tex/latex/pgf/utilities/pgfrcs.sty
(c:/texlive/2026/texmf-dist/tex/generic/pgf/utilities/pgfutil-common.tex
\pgfutil@everybye=\toks41
\pgfutil@tempdima=\dimen193
\pgfutil@tempdimb=\dimen194
)
(c:/texlive/2026/texmf-dist/tex/generic/pgf/utilities/pgfutil-latex.def
\pgfutil@abb=\box63
)
(c:/texlive/2026/texmf-dist/tex/generic/pgf/utilities/pgfrcs.code.tex
(c:/texlive/2026/texmf-dist/tex/generic/pgf/pgf.revision.tex)
Package: pgfrcs 2025-08-29 v3.1.11a (3.1.11a)
))
Package: pgf 2025-08-29 v3.1.11a (3.1.11a)

(c:/texlive/2026/texmf-dist/tex/latex/pgf/basiclayer/pgfcore.sty
(c:/texlive/2026/texmf-dist/tex/latex/graphics/graphicx.sty
Package: graphicx 2024/12/31 v1.2e Enhanced LaTeX Graphics (DPC,SPQR)

(c:/texlive/2026/texmf-dist/tex/latex/graphics/graphics.sty
Package: graphics 2024/08/06 v1.4g Standard LaTeX Graphics (DPC,SPQR)

(c:/texlive/2026/texmf-dist/tex/latex/graphics/trig.sty
Package: trig 2023/12/02 v1.11 sin cos tan (DPC)
)
(c:/texlive/2026/texmf-dist/tex/latex/graphics-cfg/graphics.cfg
File: graphics.cfg 2016/06/04 v1.11 sample graphics configuration
)
Package graphics Info: Driver file: pdftex.def on input line 106.
)
\Gin@req@height=\dimen195
\Gin@req@width=\dimen196
)
(c:/texlive/2026/texmf-dist/tex/latex/pgf/systemlayer/pgfsys.sty
(c:/texlive/2026/texmf-dist/tex/generic/pgf/systemlayer/pgfsys.code.tex
Package: pgfsys 2025-08-29 v3.1.11a (3.1.11a)

(c:/texlive/2026/texmf-dist/tex/generic/pgf/utilities/pgfkeys.code.tex
\pgfkeys@pathtoks=\toks42
\pgfkeys@temptoks=\toks43

(c:/texlive/2026/texmf-dist/tex/generic/pgf/utilities/pgfkeyslibraryfiltered.co
de.tex
\pgfkeys@tmptoks=\toks44
))
\pgf@x=\dimen197
\pgf@y=\dimen198
\pgf@xa=\dimen199
\pgf@ya=\dimen256
\pgf@xb=\dimen257
\pgf@yb=\dimen258
\pgf@xc=\dimen259
\pgf@yc=\dimen260
\pgf@xd=\dimen261
\pgf@yd=\dimen262
\w@pgf@writea=\write4
\r@pgf@reada=\read3
\c@pgf@counta=\count463
\c@pgf@countb=\count464
\c@pgf@countc=\count465
\c@pgf@countd=\count466
\t@pgf@toka=\toks45
\t@pgf@tokb=\toks46
\t@pgf@tokc=\toks47
\pgf@sys@id@count=\count467
 (c:/texlive/2026/texmf-dist/tex/generic/pgf/systemlayer/pgf.cfg
File: pgf.cfg 2025-08-29 v3.1.11a (3.1.11a)
)
Driver file for pgf: pgfsys-pdftex.def

(c:/texlive/2026/texmf-dist/tex/generic/pgf/systemlayer/pgfsys-pdftex.def
File: pgfsys-pdftex.def 2025-08-29 v3.1.11a (3.1.11a)

(c:/texlive/2026/texmf-dist/tex/generic/pgf/systemlayer/pgfsys-common-pdf.def
File: pgfsys-common-pdf.def 2025-08-29 v3.1.11a (3.1.11a)
)))
(c:/texlive/2026/texmf-dist/tex/generic/pgf/systemlayer/pgfsyssoftpath.code.tex
File: pgfsyssoftpath.code.tex 2025-08-29 v3.1.11a (3.1.11a)
\pgfsyssoftpath@smallbuffer@items=\count468
\pgfsyssoftpath@bigbuffer@items=\count469
)
(c:/texlive/2026/texmf-dist/tex/generic/pgf/systemlayer/pgfsysprotocol.code.tex
File: pgfsysprotocol.code.tex 2025-08-29 v3.1.11a (3.1.11a)
)) (c:/texlive/2026/texmf-dist/tex/generic/pgf/basiclayer/pgfcore.code.tex
Package: pgfcore 2025-08-29 v3.1.11a (3.1.11a)

(c:/texlive/2026/texmf-dist/tex/generic/pgf/math/pgfmath.code.tex
(c:/texlive/2026/texmf-dist/tex/generic/pgf/math/pgfmathutil.code.tex)
(c:/texlive/2026/texmf-dist/tex/generic/pgf/math/pgfmathparser.code.tex
\pgfmath@dimen=\dimen263
\pgfmath@count=\count470
\pgfmath@box=\box64
\pgfmath@toks=\toks48
\pgfmath@stack@operand=\toks49
\pgfmath@stack@operation=\toks50
)
(c:/texlive/2026/texmf-dist/tex/generic/pgf/math/pgfmathfunctions.code.tex)
(c:/texlive/2026/texmf-dist/tex/generic/pgf/math/pgfmathfunctions.basic.code.te
x)
(c:/texlive/2026/texmf-dist/tex/generic/pgf/math/pgfmathfunctions.trigonometric
.code.tex)
(c:/texlive/2026/texmf-dist/tex/generic/pgf/math/pgfmathfunctions.random.code.t
ex)
(c:/texlive/2026/texmf-dist/tex/generic/pgf/math/pgfmathfunctions.comparison.co
de.tex)
(c:/texlive/2026/texmf-dist/tex/generic/pgf/math/pgfmathfunctions.base.code.tex
)
(c:/texlive/2026/texmf-dist/tex/generic/pgf/math/pgfmathfunctions.round.code.te
x)
(c:/texlive/2026/texmf-dist/tex/generic/pgf/math/pgfmathfunctions.misc.code.tex
)
(c:/texlive/2026/texmf-dist/tex/generic/pgf/math/pgfmathfunctions.integerarithm
etics.code.tex)
(c:/texlive/2026/texmf-dist/tex/generic/pgf/math/pgfmathcalc.code.tex)
(c:/texlive/2026/texmf-dist/tex/generic/pgf/math/pgfmathfloat.code.tex
\c@pgfmathroundto@lastzeros=\count471
))
(c:/texlive/2026/texmf-dist/tex/generic/pgf/math/pgfint.code.tex)
(c:/texlive/2026/texmf-dist/tex/generic/pgf/basiclayer/pgfcorepoints.code.tex
File: pgfcorepoints.code.tex 2025-08-29 v3.1.11a (3.1.11a)
\pgf@picminx=\dimen264
\pgf@picmaxx=\dimen265
\pgf@picminy=\dimen266
\pgf@picmaxy=\dimen267
\pgf@pathminx=\dimen268
\pgf@pathmaxx=\dimen269
\pgf@pathminy=\dimen270
\pgf@pathmaxy=\dimen271
\pgf@xx=\dimen272
\pgf@xy=\dimen273
\pgf@yx=\dimen274
\pgf@yy=\dimen275
\pgf@zx=\dimen276
\pgf@zy=\dimen277
)
(c:/texlive/2026/texmf-dist/tex/generic/pgf/basiclayer/pgfcorepathconstruct.cod
e.tex
File: pgfcorepathconstruct.code.tex 2025-08-29 v3.1.11a (3.1.11a)
\pgf@path@lastx=\dimen278
\pgf@path@lasty=\dimen279
)
(c:/texlive/2026/texmf-dist/tex/generic/pgf/basiclayer/pgfcorepathusage.code.te
x
File: pgfcorepathusage.code.tex 2025-08-29 v3.1.11a (3.1.11a)
\pgf@shorten@end@additional=\dimen280
\pgf@shorten@start@additional=\dimen281
)
(c:/texlive/2026/texmf-dist/tex/generic/pgf/basiclayer/pgfcorescopes.code.tex
File: pgfcorescopes.code.tex 2025-08-29 v3.1.11a (3.1.11a)
\pgfpic=\box65
\pgf@hbox=\box66
\pgf@layerbox@main=\box67
\pgf@picture@serial@count=\count472
)
(c:/texlive/2026/texmf-dist/tex/generic/pgf/basiclayer/pgfcoregraphicstate.code
.tex
File: pgfcoregraphicstate.code.tex 2025-08-29 v3.1.11a (3.1.11a)
\pgflinewidth=\dimen282
)
(c:/texlive/2026/texmf-dist/tex/generic/pgf/basiclayer/pgfcoretransformations.c
ode.tex
File: pgfcoretransformations.code.tex 2025-08-29 v3.1.11a (3.1.11a)
\pgf@pt@x=\dimen283
\pgf@pt@y=\dimen284
\pgf@pt@temp=\dimen285
)
(c:/texlive/2026/texmf-dist/tex/generic/pgf/basiclayer/pgfcorequick.code.tex
File: pgfcorequick.code.tex 2025-08-29 v3.1.11a (3.1.11a)
)
(c:/texlive/2026/texmf-dist/tex/generic/pgf/basiclayer/pgfcoreobjects.code.tex
File: pgfcoreobjects.code.tex 2025-08-29 v3.1.11a (3.1.11a)
)
(c:/texlive/2026/texmf-dist/tex/generic/pgf/basiclayer/pgfcorepathprocessing.co
de.tex
File: pgfcorepathprocessing.code.tex 2025-08-29 v3.1.11a (3.1.11a)
)
(c:/texlive/2026/texmf-dist/tex/generic/pgf/basiclayer/pgfcorearrows.code.tex
File: pgfcorearrows.code.tex 2025-08-29 v3.1.11a (3.1.11a)
\pgfarrowsep=\dimen286
)
(c:/texlive/2026/texmf-dist/tex/generic/pgf/basiclayer/pgfcoreshade.code.tex
File: pgfcoreshade.code.tex 2025-08-29 v3.1.11a (3.1.11a)
\pgf@max=\dimen287
\pgf@sys@shading@range@num=\count473
\pgf@shadingcount=\count474
)
(c:/texlive/2026/texmf-dist/tex/generic/pgf/basiclayer/pgfcoreimage.code.tex
File: pgfcoreimage.code.tex 2025-08-29 v3.1.11a (3.1.11a)
)
(c:/texlive/2026/texmf-dist/tex/generic/pgf/basiclayer/pgfcoreexternal.code.tex
File: pgfcoreexternal.code.tex 2025-08-29 v3.1.11a (3.1.11a)
\pgfexternal@startupbox=\box68
) (c:/texlive/2026/texmf-dist/tex/generic/pgf/basiclayer/pgfcorelayers.code.tex
File: pgfcorelayers.code.tex 2025-08-29 v3.1.11a (3.1.11a)
)
(c:/texlive/2026/texmf-dist/tex/generic/pgf/basiclayer/pgfcoretransparency.code
.tex
File: pgfcoretransparency.code.tex 2025-08-29 v3.1.11a (3.1.11a)
)
(c:/texlive/2026/texmf-dist/tex/generic/pgf/basiclayer/pgfcorepatterns.code.tex
File: pgfcorepatterns.code.tex 2025-08-29 v3.1.11a (3.1.11a)
) (c:/texlive/2026/texmf-dist/tex/generic/pgf/basiclayer/pgfcorerdf.code.tex
File: pgfcorerdf.code.tex 2025-08-29 v3.1.11a (3.1.11a)
))) (c:/texlive/2026/texmf-dist/tex/generic/pgf/modules/pgfmoduleshapes.code.te
x
File: pgfmoduleshapes.code.tex 2025-08-29 v3.1.11a (3.1.11a)
\pgfnodeparttextbox=\box69
)
(c:/texlive/2026/texmf-dist/tex/generic/pgf/modules/pgfmoduleplot.code.tex
File: pgfmoduleplot.code.tex 2025-08-29 v3.1.11a (3.1.11a)
)
(c:/texlive/2026/texmf-dist/tex/latex/pgf/compatibility/pgfcomp-version-0-65.st
y
Package: pgfcomp-version-0-65 2025-08-29 v3.1.11a (3.1.11a)
\pgf@nodesepstart=\dimen288
\pgf@nodesepend=\dimen289
)
(c:/texlive/2026/texmf-dist/tex/latex/pgf/compatibility/pgfcomp-version-1-18.st
y
Package: pgfcomp-version-1-18 2025-08-29 v3.1.11a (3.1.11a)
)) (c:/texlive/2026/texmf-dist/tex/latex/pgf/utilities/pgffor.sty
(c:/texlive/2026/texmf-dist/tex/latex/pgf/utilities/pgfkeys.sty
(c:/texlive/2026/texmf-dist/tex/generic/pgf/utilities/pgfkeys.code.tex))
(c:/texlive/2026/texmf-dist/tex/latex/pgf/math/pgfmath.sty
(c:/texlive/2026/texmf-dist/tex/generic/pgf/math/pgfmath.code.tex))
(c:/texlive/2026/texmf-dist/tex/generic/pgf/utilities/pgffor.code.tex
Package: pgffor 2025-08-29 v3.1.11a (3.1.11a)
\pgffor@iter=\dimen290
\pgffor@skip=\dimen291
\pgffor@stack=\toks51
\pgffor@toks=\toks52
))
(c:/texlive/2026/texmf-dist/tex/generic/pgf/frontendlayer/tikz/tikz.code.tex
Package: tikz 2025-08-29 v3.1.11a (3.1.11a)

(c:/texlive/2026/texmf-dist/tex/generic/pgf/libraries/pgflibraryplothandlers.co
de.tex
File: pgflibraryplothandlers.code.tex 2025-08-29 v3.1.11a (3.1.11a)
\pgf@plot@mark@count=\count475
\pgfplotmarksize=\dimen292
)
\tikz@lastx=\dimen293
\tikz@lasty=\dimen294
\tikz@lastxsaved=\dimen295
\tikz@lastysaved=\dimen296
\tikz@lastmovetox=\dimen297
\tikz@lastmovetoy=\dimen298
\tikzleveldistance=\dimen299
\tikzsiblingdistance=\dimen300
\tikz@figbox=\box70
\tikz@figbox@bg=\box71
\tikz@tempbox=\box72
\tikz@tempbox@bg=\box73
\tikztreelevel=\count476
\tikznumberofchildren=\count477
\tikznumberofcurrentchild=\count478
\tikz@fig@count=\count479

(c:/texlive/2026/texmf-dist/tex/generic/pgf/modules/pgfmodulematrix.code.tex
File: pgfmodulematrix.code.tex 2025-08-29 v3.1.11a (3.1.11a)
\pgfmatrixcurrentrow=\count480
\pgfmatrixcurrentcolumn=\count481
\pgf@matrix@numberofcolumns=\count482
)
\tikz@expandcount=\count483

(c:/texlive/2026/texmf-dist/tex/generic/pgf/frontendlayer/tikz/libraries/tikzli
brarytopaths.code.tex
File: tikzlibrarytopaths.code.tex 2025-08-29 v3.1.11a (3.1.11a)
)))
(c:/texlive/2026/texmf-dist/tex/generic/pgf/libraries/pgflibraryarrows.meta.cod
e.tex
File: pgflibraryarrows.meta.code.tex 2025-08-29 v3.1.11a (3.1.11a)
\pgfarrowinset=\dimen301
\pgfarrowlength=\dimen302
\pgfarrowwidth=\dimen303
\pgfarrowlinewidth=\dimen304
)
(c:/texlive/2026/texmf-dist/tex/generic/pgf/frontendlayer/tikz/libraries/tikzli
brarypositioning.code.tex
File: tikzlibrarypositioning.code.tex 2025-08-29 v3.1.11a (3.1.11a)
)
(c:/texlive/2026/texmf-dist/tex/generic/pgf/frontendlayer/tikz/libraries/tikzli
brarycalc.code.tex
File: tikzlibrarycalc.code.tex 2025-08-29 v3.1.11a (3.1.11a)
)
(c:/texlive/2026/texmf-dist/tex/generic/pgf/frontendlayer/tikz/libraries/tikzli
braryfit.code.tex
File: tikzlibraryfit.code.tex 2025-08-29 v3.1.11a (3.1.11a)
)
(c:/texlive/2026/texmf-dist/tex/generic/pgf/frontendlayer/tikz/libraries/tikzli
brarybackgrounds.code.tex
File: tikzlibrarybackgrounds.code.tex 2025-08-29 v3.1.11a (3.1.11a)
\pgf@layerbox@background=\box74
\pgf@layerboxsaved@background=\box75
)
(c:/texlive/2026/texmf-dist/tex/generic/pgf/frontendlayer/tikz/libraries/tikzli
braryshapes.geometric.code.tex
File: tikzlibraryshapes.geometric.code.tex 2025-08-29 v3.1.11a (3.1.11a)

(c:/texlive/2026/texmf-dist/tex/generic/pgf/libraries/shapes/pgflibraryshapes.g
eometric.code.tex
File: pgflibraryshapes.geometric.code.tex 2025-08-29 v3.1.11a (3.1.11a)
))
(c:/texlive/2026/texmf-dist/tex/generic/pgf/frontendlayer/tikz/libraries/tikzli
brarydecorations.pathreplacing.code.tex
(c:/texlive/2026/texmf-dist/tex/generic/pgf/frontendlayer/tikz/libraries/tikzli
brarydecorations.code.tex
(c:/texlive/2026/texmf-dist/tex/generic/pgf/modules/pgfmoduledecorations.code.t
ex
\pgfdecoratedcompleteddistance=\dimen305
\pgfdecoratedremainingdistance=\dimen306
\pgfdecoratedinputsegmentcompleteddistance=\dimen307
\pgfdecoratedinputsegmentremainingdistance=\dimen308
\pgf@decorate@distancetomove=\dimen309
\pgf@decorate@repeatstate=\count484
\pgfdecorationsegmentamplitude=\dimen310
\pgfdecorationsegmentlength=\dimen311
)
\tikz@lib@dec@box=\box76
)
(c:/texlive/2026/texmf-dist/tex/generic/pgf/libraries/decorations/pgflibrarydec
orations.pathreplacing.code.tex))
(c:/texlive/2026/texmf-dist/tex/latex/amsfonts/amssymb.sty
Package: amssymb 2013/01/14 v3.01 AMS font symbols

(c:/texlive/2026/texmf-dist/tex/latex/amsfonts/amsfonts.sty
Package: amsfonts 2013/01/14 v3.01 Basic AMSFonts support
\symAMSa=\mathgroup4
\symAMSb=\mathgroup5
LaTeX Font Info:    Redeclaring math symbol \hbar on input line 98.
LaTeX Font Info:    Overwriting math alphabet `\mathfrak' in version `bold'
(Font)                  U/euf/m/n --> U/euf/b/n on input line 106.
))
(c:/texlive/2026/texmf-dist/tex/latex/mathtools/mathtools.sty
Package: mathtools 2024/10/04 v1.31 mathematical typesetting tools

(c:/texlive/2026/texmf-dist/tex/latex/tools/calc.sty
Package: calc 2025/03/01 v4.3b Infix arithmetic (KKT,FJ)
\calc@Acount=\count485
\calc@Bcount=\count486
\calc@Adimen=\dimen312
\calc@Bdimen=\dimen313
\calc@Askip=\skip104
\calc@Bskip=\skip105
LaTeX Info: Redefining \setlength on input line 86.
LaTeX Info: Redefining \addtolength on input line 87.
\calc@Ccount=\count487
\calc@Cskip=\skip106
)
(c:/texlive/2026/texmf-dist/tex/latex/mathtools/mhsetup.sty
Package: mhsetup 2021/03/18 v1.4 programming setup (MH)
)
\g_MT_multlinerow_int=\count488
\l_MT_multwidth_dim=\dimen314
\origjot=\skip107
\l_MT_shortvdotswithinadjustabove_dim=\dimen315
\l_MT_shortvdotswithinadjustbelow_dim=\dimen316
\l_MT_above_intertext_sep=\dimen317
\l_MT_below_intertext_sep=\dimen318
\l_MT_above_shortintertext_sep=\dimen319
\l_MT_below_shortintertext_sep=\dimen320
\xmathstrut@box=\box77
\xmathstrut@dim=\dimen321
)
(c:/texlive/2026/texmf-dist/tex/latex/amscls/amsthm.sty
Package: amsthm 2020/05/29 v2.20.6
\thm@style=\toks53
\thm@bodyfont=\toks54
\thm@headfont=\toks55
\thm@notefont=\toks56
\thm@headpunct=\toks57
\thm@preskip=\skip108
\thm@postskip=\skip109
\thm@headsep=\skip110
\dth@everypar=\toks58
)
\c@proposition=\count489
\c@assumption=\count490
\c@definition=\count491

(c:/texlive/2026/texmf-dist/tex/latex/algorithms/algorithm.sty
Package: algorithm 2009/08/24 v0.1 Document Style `algorithm' - floating enviro
nment

(c:/texlive/2026/texmf-dist/tex/latex/float/float.sty
Package: float 2001/11/08 v1.3d Float enhancements (AL)
\c@float@type=\count492
\float@exts=\toks59
\float@box=\box78
\@float@everytoks=\toks60
\@floatcapt=\box79
)
\@float@every@algorithm=\toks61
\c@algorithm=\count493
)
(c:/texlive/2026/texmf-dist/tex/latex/algorithmicx/algpseudocode.sty
Package: algpseudocode 

(c:/texlive/2026/texmf-dist/tex/latex/algorithmicx/algorithmicx.sty
Package: algorithmicx 2005/04/27 v1.2 Algorithmicx

Document Style algorithmicx 1.2 - a greatly improved `algorithmic' style
\c@ALG@line=\count494
\c@ALG@rem=\count495
\c@ALG@nested=\count496
\ALG@tlm=\skip111
\ALG@thistlm=\skip112
\c@ALG@Lnr=\count497
\c@ALG@blocknr=\count498
\c@ALG@storecount=\count499
\c@ALG@tmpcounter=\count500
\ALG@tmplength=\skip113
)
Document Style - pseudocode environments for use with the `algorithmicx' style
) (c:/texlive/2026/texmf-dist/tex/latex/graphics/rotating.sty
Package: rotating 2025/01/14 v2.16e rotated objects in LaTeX
\c@r@tfl@t=\count501
\rotFPtop=\skip114
\rotFPbot=\skip115
\rot@float@box=\box80
\rot@mess@toks=\toks62
)
(c:/texlive/2026/texmf-dist/tex/latex/caption/caption.sty
Package: caption 2023/08/05 v3.6o Customizing captions (AR)

(c:/texlive/2026/texmf-dist/tex/latex/caption/caption3.sty
Package: caption3 2023/07/31 v2.4d caption3 kernel (AR)
\caption@tempdima=\dimen322
\captionmargin=\dimen323
\caption@leftmargin=\dimen324
\caption@rightmargin=\dimen325
\caption@width=\dimen326
\caption@indent=\dimen327
\caption@parindent=\dimen328
\caption@hangindent=\dimen329
Package caption Info: Standard document class detected.
)
\c@caption@flags=\count502
\c@continuedfloat=\count503
Package caption Info: float package is loaded.
Package caption Info: longtable package is loaded.

(c:/texlive/2026/texmf-dist/tex/latex/caption/ltcaption.sty
Package: ltcaption 2021/01/08 v1.4c longtable captions (AR)
)
Package caption Info: rotating package is loaded.
Package caption Info: supertabular package is loaded.
)
(c:/texlive/2026/texmf-dist/tex/latex/xurl/xurl.sty
Package: xurl 2022/01/09 v 0.10 modify URL breaks

xurl: Set penalties for biblatex
) (c:/texlive/2026/texmf-dist/tex/latex/hyperref/hyperref.sty
Package: hyperref 2026-01-29 v7.01p Hypertext links for LaTeX

(c:/texlive/2026/texmf-dist/tex/generic/kvdefinekeys/kvdefinekeys.sty
Package: kvdefinekeys 2019-12-19 v1.6 Define keys (HO)
)
(c:/texlive/2026/texmf-dist/tex/generic/pdfescape/pdfescape.sty
Package: pdfescape 2019/12/09 v1.15 Implements pdfTeX's escape features (HO)
)
(c:/texlive/2026/texmf-dist/tex/latex/hycolor/hycolor.sty
Package: hycolor 2020-01-27 v1.10 Color options for hyperref/bookmark (HO)
)
(c:/texlive/2026/texmf-dist/tex/latex/hyperref/nameref.sty
Package: nameref 2026-01-29 v2.58 Cross-referencing by name of section

(c:/texlive/2026/texmf-dist/tex/latex/refcount/refcount.sty
Package: refcount 2019/12/15 v3.6 Data extraction from label references (HO)
)
(c:/texlive/2026/texmf-dist/tex/generic/gettitlestring/gettitlestring.sty
Package: gettitlestring 2019/12/15 v1.6 Cleanup title references (HO)
)
\c@section@level=\count504
)
(c:/texlive/2026/texmf-dist/tex/generic/stringenc/stringenc.sty
Package: stringenc 2019/11/29 v1.12 Convert strings between diff. encodings (HO
)
)
\@linkdim=\dimen330
\Hy@linkcounter=\count505
\Hy@pagecounter=\count506

(c:/texlive/2026/texmf-dist/tex/latex/hyperref/pd1enc.def
File: pd1enc.def 2026-01-29 v7.01p Hyperref: PDFDocEncoding definition (HO)
Now handling font encoding PD1 ...
... no UTF-8 mapping file for font encoding PD1
)
(c:/texlive/2026/texmf-dist/tex/generic/intcalc/intcalc.sty
Package: intcalc 2019/12/15 v1.3 Expandable calculations with integers (HO)
)
\Hy@SavedSpaceFactor=\count507

(c:/texlive/2026/texmf-dist/tex/latex/hyperref/puenc.def
File: puenc.def 2026-01-29 v7.01p Hyperref: PDF Unicode definition (HO)
Now handling font encoding PU ...
... no UTF-8 mapping file for font encoding PU
)
Package hyperref Info: Hyper figures OFF on input line 4201.
Package hyperref Info: Link nesting OFF on input line 4206.
Package hyperref Info: Hyper index ON on input line 4209.
Package hyperref Info: Plain pages OFF on input line 4216.
Package hyperref Info: Backreferencing OFF on input line 4221.
Package hyperref Info: Implicit mode ON; LaTeX internals redefined.
Package hyperref Info: Bookmarks ON on input line 4468.
\c@Hy@tempcnt=\count508
LaTeX Info: Redefining \url on input line 4807.
\XeTeXLinkMargin=\dimen331

(c:/texlive/2026/texmf-dist/tex/generic/bitset/bitset.sty
Package: bitset 2019/12/09 v1.3 Handle bit-vector datatype (HO)

(c:/texlive/2026/texmf-dist/tex/generic/bigintcalc/bigintcalc.sty
Package: bigintcalc 2019/12/15 v1.5 Expandable calculations on big integers (HO
)
))
\Fld@menulength=\count509
\Field@Width=\dimen332
\Fld@charsize=\dimen333
Package hyperref Info: Hyper figures OFF on input line 6084.
Package hyperref Info: Link nesting OFF on input line 6089.
Package hyperref Info: Hyper index ON on input line 6092.
Package hyperref Info: backreferencing OFF on input line 6099.
Package hyperref Info: Link coloring OFF on input line 6104.
Package hyperref Info: Link coloring with OCG OFF on input line 6109.
Package hyperref Info: PDF/A mode OFF on input line 6114.
\Hy@abspage=\count510
\c@Item=\count511
\c@Hfootnote=\count512
)
Package hyperref Info: Driver (autodetected): hpdftex.

(c:/texlive/2026/texmf-dist/tex/latex/hyperref/hpdftex.def
File: hpdftex.def 2026-01-29 v7.01p Hyperref driver for pdfTeX
\Fld@listcount=\count513
\c@bookmark@seq@number=\count514

(c:/texlive/2026/texmf-dist/tex/latex/rerunfilecheck/rerunfilecheck.sty
Package: rerunfilecheck 2025-06-21 v1.11 Rerun checks for auxiliary files (HO)

(c:/texlive/2026/texmf-dist/tex/generic/uniquecounter/uniquecounter.sty
Package: uniquecounter 2019/12/15 v1.4 Provide unlimited unique counter (HO)
)
Package uniquecounter Info: New unique counter `rerunfilecheck' on input line 2
84.
)
\Hy@SectionHShift=\skip116
)
(c:/texlive/2026/texmf-dist/tex/latex/tools/tabularx.sty
Package: tabularx 2023/12/11 v2.12a `tabularx' package (DPC)

(c:/texlive/2026/texmf-dist/tex/latex/tools/array.sty
Package: array 2025/09/25 v2.6n Tabular extension package (FMi)
\col@sep=\dimen334
\ar@mcellbox=\box81
\extrarowheight=\dimen335
\NC@list=\toks63
\extratabsurround=\skip117
\backup@length=\skip118
\ar@cellbox=\box82
)
\TX@col@width=\dimen336
\TX@old@table=\dimen337
\TX@old@col=\dimen338
\TX@target=\dimen339
\TX@delta=\dimen340
\TX@cols=\count515
\TX@ftn=\toks64
)
(c:/texlive/2026/texmf-dist/tex/latex/booktabs/booktabs.sty
Package: booktabs 2020/01/12 v1.61803398 Publication quality tables
\heavyrulewidth=\dimen341
\lightrulewidth=\dimen342
\cmidrulewidth=\dimen343
\belowrulesep=\dimen344
\belowbottomsep=\dimen345
\aboverulesep=\dimen346
\abovetopsep=\dimen347
\cmidrulesep=\dimen348
\cmidrulekern=\dimen349
\defaultaddspace=\dimen350
\@cmidla=\count516
\@cmidlb=\count517
\@aboverulesep=\dimen351
\@belowrulesep=\dimen352
\@thisruleclass=\count518
\@lastruleclass=\count519
\@thisrulewidth=\dimen353
)
(c:/texlive/2026/texmf-dist/tex/latex/multirow/multirow.sty
Package: multirow 2024/11/12 v2.9 Span multiple rows of a table
\multirow@colwidth=\skip119
\multirow@cntb=\count520
\multirow@dima=\skip120
\bigstrutjot=\dimen354
)
(c:/texlive/2026/texmf-dist/tex/latex/colortbl/colortbl.sty
Package: colortbl 2024/10/29 v1.0k Color table columns (DPC)
\everycr=\toks65
\minrowclearance=\skip121
\rownum=\count521
)
(c:/texlive/2026/texmf-dist/tex/latex/enumitem/enumitem.sty
Package: enumitem 2025/02/06 v3.11 Customized lists
\labelindent=\skip122
\enit@outerparindent=\dimen355
\enit@toks=\toks66
\enit@inbox=\box83
\enit@count@id=\count522
\enitdp@description=\count523
)
Package hyperref Info: Option `colorlinks' set `true' on input line 267.

(c:/texlive/2026/texmf-dist/tex/latex/changepage/changepage.sty
Package: changepage 2009/10/20 v1.0c check page and change page layout
\c@cp@cntr=\count524
\cp@tempcnt=\count525
)
(c:/texlive/2026/texmf-dist/tex/latex/framed/framed.sty
Package: framed 2011/10/22 v 0.96: framed or shaded text with page breaks
\OuterFrameSep=\skip123
\fb@frw=\dimen356
\fb@frh=\dimen357
\FrameRule=\dimen358
\FrameSep=\dimen359
)
(c:/texlive/2026/texmf-dist/tex/latex/comment/comment.sty
\CommentStream=\write5

Excluding comment 'comment')
\@quotelevel=\count526
\@quotereset=\count527


Package biblatex Warning: Conflicting options.
(biblatex)                '<namepart>inits' conflicts with 'uniquename=full'.
(biblatex)                Setting 'uniquename=init' on input line 336.

LaTeX Font Info:    Trying to load font information for T1+Crlt-LF on input lin
e 336.
(c:/texlive/2026/texmf-dist/tex/latex/carlito/T1Crlt-LF.fd
File: T1Crlt-LF.fd 2022/10/05 (autoinst) Font definitions for T1/Crlt-LF.
) (./main.aux
\g__glossaries_gls_ref_acronym_int=\count528
)
\openout1 = `main.aux'.

LaTeX Font Info:    Checking defaults for OML/cmm/m/it on input line 336.
LaTeX Font Info:    ... okay on input line 336.
LaTeX Font Info:    Checking defaults for OMS/cmsy/m/n on input line 336.
LaTeX Font Info:    ... okay on input line 336.
LaTeX Font Info:    Checking defaults for OT1/cmr/m/n on input line 336.
LaTeX Font Info:    ... okay on input line 336.
LaTeX Font Info:    Checking defaults for T1/cmr/m/n on input line 336.
LaTeX Font Info:    ... okay on input line 336.
LaTeX Font Info:    Checking defaults for TS1/cmr/m/n on input line 336.
LaTeX Font Info:    ... okay on input line 336.
LaTeX Font Info:    Checking defaults for OMX/cmex/m/n on input line 336.
LaTeX Font Info:    ... okay on input line 336.
LaTeX Font Info:    Checking defaults for U/cmr/m/n on input line 336.
LaTeX Font Info:    ... okay on input line 336.
LaTeX Font Info:    Checking defaults for PD1/pdf/m/n on input line 336.
LaTeX Font Info:    ... okay on input line 336.
LaTeX Font Info:    Checking defaults for PU/pdf/m/n on input line 336.
LaTeX Font Info:    ... okay on input line 336.
LaTeX Info: Redefining \microtypecontext on input line 336.
Package microtype Info: Applying patch `item' on input line 336.
Package microtype Info: Applying patch `toc' on input line 336.
Package microtype Info: Applying patch `eqnum' on input line 336.
Package microtype Info: Applying patch `footnote' on input line 336.
Package microtype Info: Applying patch `verbatim' on input line 336.
LaTeX Info: Redefining \microtypesetup on input line 336.
Package microtype Info: Generating PDF output.
Package microtype Info: Character protrusion enabled (level 2).
Package microtype Info: Using default protrusion set `alltext'.
Package microtype Info: Automatic font expansion enabled (level 2),
(microtype)             stretch: 20, shrink: 20, step: 1, non-selected.
Package microtype Info: Using default expansion set `alltext-nott'.
Package microtype Info: Patching command `\showhyphens'.
Package microtype Info: No adjustment of tracking.
Package microtype Info: No adjustment of interword spacing.
Package microtype Info: No adjustment of character kerning.
Package microtype Info: Loading generic protrusion settings for font family
(microtype)             `Crlt-LF' (encoding: T1).
(microtype)             For optimal results, create family-specific settings.
(microtype)             See the microtype manual for details.
\c@mv@tabular=\count529
\c@mv@boldtabular=\count530

(c:/texlive/2026/texmf-dist/tex/context/base/mkii/supp-pdf.mkii
[Loading MPS to PDF converter (version 2006.09.02).]
\scratchcounter=\count531
\scratchdimen=\dimen360
\scratchbox=\box84
\nofMPsegments=\count532
\nofMParguments=\count533
\everyMPshowfont=\toks67
\MPscratchCnt=\count534
\MPscratchDim=\dimen361
\MPnumerator=\count535
\makeMPintoPDFobject=\count536
\everyMPtoPDFconversion=\toks68
) (c:/texlive/2026/texmf-dist/tex/latex/epstopdf-pkg/epstopdf-base.sty
Package: epstopdf-base 2020-01-24 v2.11 Base part for package epstopdf
Package epstopdf-base Info: Redefining graphics rule for `.eps' on input line 4
85.

(c:/texlive/2026/texmf-dist/tex/latex/latexconfig/epstopdf-sys.cfg
File: epstopdf-sys.cfg 2010/07/13 v1.3 Configuration of (r)epstopdf for TeX Liv
e
))
*geometry* driver: auto-detecting
*geometry* detected driver: pdftex
*geometry* verbose mode - [ preamble ] result:
* driver: pdftex
* paper: a4paper
* layout: <same size as paper>
* layoutoffset:(h,v)=(0.0pt,0.0pt)
* modes: 
* h-part:(L,W,R)=(76.82234pt, 443.86319pt, 76.82234pt)
* v-part:(T,H,B)=(73.97733pt, 697.0922pt, 73.97733pt)
* \paperwidth=597.50787pt
* \paperheight=845.04684pt
* \textwidth=443.86319pt
* \textheight=697.0922pt
* \oddsidemargin=4.55235pt
* \evensidemargin=4.55235pt
* \topmargin=-35.29266pt
* \headheight=12.0pt
* \headsep=25.0pt
* \topskip=12.0pt
* \footskip=31.2982pt
* \marginparwidth=35.0pt
* \marginparsep=10.0pt
* \columnsep=10.0pt
* \skip\footins=10.8pt plus 4.0pt minus 2.0pt
* \hoffset=0.0pt
* \voffset=0.0pt
* \mag=1000
* \@twocolumnfalse
* \@twosidefalse
* \@mparswitchfalse
* \@reversemarginfalse
* (1in=72.27pt=25.4mm, 1cm=28.453pt)

Package biblatex Info: Trying to load language 'english' -> 'english-iso'...
Package biblatex Info: ... file 'english-iso.lbx' found.
(c:/texlive/2026/texmf-dist/tex/latex/biblatex-iso690/english-iso.lbx
File: english-iso.lbx 2022/03/20 v0.4.1 ISO 690 extended biblatex localization
Package biblatex Info: Trying to load language 'english'...
Package biblatex Info: ... file 'english.lbx' found.

(c:/texlive/2026/texmf-dist/tex/latex/biblatex/lbx/english.lbx
File: english.lbx 2025/07/10 v3.21 biblatex localization (PK/MW)
)
Package biblatex Info: Trying to load language 'english'...
Package biblatex Info: ... file 'english.lbx' found.

(c:/texlive/2026/texmf-dist/tex/latex/biblatex/lbx/english.lbx
File: english.lbx 2025/07/10 v3.21 biblatex localization (PK/MW)
))
Package biblatex Info: Input encoding 'utf8' detected.
Package biblatex Info: Automatic encoding selection.
(biblatex)             Assuming data encoding 'utf8'.
\openout3 = `main.bcf'.

Package biblatex Info: Trying to load bibliographic data...
Package biblatex Info: ... file 'main.bbl' found.
 (./main.bbl)
Package biblatex Info: Reference section=0 on input line 336.
Package biblatex Info: Reference segment=0 on input line 336.
Package caption Info: Begin \AtBeginDocument code.
Package caption Info: changepage package is loaded.
\caption@adjustwidth@hsize=\dimen362
\caption@adjustwidth@linewidth=\dimen363
Package caption Info: hyperref package is loaded.
Package caption Info: End \AtBeginDocument code.
Package hyperref Info: Link coloring ON on input line 336.

(./main.out) (./main.out)
\@outlinefile=\write6
\openout6 = `main.out'.

 (./Utilities/Cover.tex
<Images/0.Cover/LogoCranfield.png, id=445, 1299.85625pt x 1298.8525pt>
File: Images/0.Cover/LogoCranfield.png Graphic file (type png)
<use Images/0.Cover/LogoCranfield.png>
Package pdftex.def Info: Images/0.Cover/LogoCranfield.png  used on input line 1
5.
(pdftex.def)             Requested size: 52.65974pt x 52.63777pt.

(c:/texlive/2026/texmf-dist/tex/latex/microtype/mt-cmr.cfg
File: mt-cmr.cfg 2013/05/19 v2.2 microtype config. file: Computer Modern Roman 
(RS)
)
LaTeX Font Info:    Trying to load font information for U+msa on input line 16.


(c:/texlive/2026/texmf-dist/tex/latex/amsfonts/umsa.fd
File: umsa.fd 2013/01/14 v3.01 AMS symbols A
)
(c:/texlive/2026/texmf-dist/tex/latex/microtype/mt-msa.cfg
File: mt-msa.cfg 2006/02/04 v1.1 microtype config. file: AMS symbols (a) (RS)
)
LaTeX Font Info:    Trying to load font information for U+msb on input line 16.


(c:/texlive/2026/texmf-dist/tex/latex/amsfonts/umsb.fd
File: umsb.fd 2013/01/14 v3.01 AMS symbols B
)
(c:/texlive/2026/texmf-dist/tex/latex/microtype/mt-msb.cfg
File: mt-msb.cfg 2005/06/01 v1.0 microtype config. file: AMS symbols (b) (RS)
)
<Images/0.Cover/LogoESTIA.png, id=447, 1417.295pt x 615.29875pt>
File: Images/0.Cover/LogoESTIA.png Graphic file (type png)
<use Images/0.Cover/LogoESTIA.png>
Package pdftex.def Info: Images/0.Cover/LogoESTIA.png  used on input line 19.
(pdftex.def)             Requested size: 65.52724pt x 28.45274pt.
<../BST_DISCO_JH_2026/Images/0.Cover/LogoALTEN.png, id=448, 765.86125pt x 1284.
8pt>
File: ../BST_DISCO_JH_2026/Images/0.Cover/LogoALTEN.png Graphic file (type png)

<use ../BST_DISCO_JH_2026/Images/0.Cover/LogoALTEN.png>
Package pdftex.def Info: ../BST_DISCO_JH_2026/Images/0.Cover/LogoALTEN.png  use
d on input line 70.
(pdftex.def)             Requested size: 17.7979pt x 29.87547pt.
<../BST_DISCO_JH_2026/Images/0.Cover/LogoDIN.png, id=449, 225.84375pt x 225.843
75pt>
File: ../BST_DISCO_JH_2026/Images/0.Cover/LogoDIN.png Graphic file (type png)
<use ../BST_DISCO_JH_2026/Images/0.Cover/LogoDIN.png>
Package pdftex.def Info: ../BST_DISCO_JH_2026/Images/0.Cover/LogoDIN.png  used 
on input line 74.
(pdftex.def)             Requested size: 29.87418pt x 29.87547pt.
LaTeX Font Info:    Trying to load font information for TS1+Crlt-LF on input li
ne 84.

(c:/texlive/2026/texmf-dist/tex/latex/carlito/TS1Crlt-LF.fd
File: TS1Crlt-LF.fd 2022/10/05 (autoinst) Font definitions for TS1/Crlt-LF.
)
Package microtype Info: Loading generic protrusion settings for font family
(microtype)             `Crlt-LF' (encoding: TS1).
(microtype)             For optimal results, create family-specific settings.
(microtype)             See the microtype manual for details.
 [1

{c:/texlive/2026/texmf-var/fonts/map/pdftex/updmap/pdftex.map}{c:/texlive/2026/
texmf-dist/fonts/enc/dvips/carlito/crlt_ys3vdn.enc}{c:/texlive/2026/texmf-dist/
fonts/enc/dvips/carlito/crlt_j4hweq.enc} <./Images/0.Cover/LogoCranfield.png> <
./Images/0.Cover/LogoESTIA.png> <../BST_DISCO_JH_2026/Images/0.Cover/LogoALTEN.
png> <../BST_DISCO_JH_2026/Images/0.Cover/LogoDIN.png>]) (./Utilities/Declarati
on.tex) [1

]
(./Sections/0.Abstract.tex) [2

] (./Sections/0bis.Resume.tex) [3

]
(./Utilities/Acknowledgements.tex) [4

]

Package glossaries Warning: Empty glossary for \printnoidxglossary[type={main}]
. Rerun may be required (or you may have forgotten to use commands like \gls) o
n input line 369.


Package glossaries Info: Preparing to sort glossary `acronym' (total number of
(glossaries)             referenced entries: 17)

[5

] (./main.toc [6

] [7] [8])
\tf@toc=\write7
\openout7 = `main.toc'.

 [9] (./main.lof)
\tf@lof=\write8
\openout8 = `main.lof'.

 [10

] (./main.lot [11

])
\tf@lot=\write9
\openout9 = `main.lot'.

 [12]
(./Sections/1.Introduction.tex
<../BST_DISCO_JH_2026/Images/1.Introduction/disco_map.png, id=826, 246.6816pt x
 207.174pt>
File: ../BST_DISCO_JH_2026/Images/1.Introduction/disco_map.png Graphic file (ty
pe png)
<use ../BST_DISCO_JH_2026/Images/1.Introduction/disco_map.png>
Package pdftex.def Info: ../BST_DISCO_JH_2026/Images/1.Introduction/disco_map.p
ng  used on input line 30.
(pdftex.def)             Requested size: 363.97105pt x 305.70859pt.

pdfTeX warning (ext4): destination with the same identifier (name{page.1}) has 
been already used, duplicate ignored
<to be read again> 
                   \relax 
l.38 \begin{equation}
                      [1

 <../BST_DISCO_JH_2026/Images/1.Introduction/disco_map.png>]
<../BST_DISCO_JH_2026/Images/2.Problem/urgency_gap_en.png, id=855, 586.47105pt 
x 361.35pt>
File: ../BST_DISCO_JH_2026/Images/2.Problem/urgency_gap_en.png Graphic file (ty
pe png)
<use ../BST_DISCO_JH_2026/Images/2.Problem/urgency_gap_en.png>
Package pdftex.def Info: ../BST_DISCO_JH_2026/Images/2.Problem/urgency_gap_en.p
ng  used on input line 84.
(pdftex.def)             Requested size: 443.86319pt x 273.482pt.
 [2] [3 <../BST_DISCO_JH_2026/Images/2.Problem/urgency_gap_en.png>])
[4] (./Sections/2.LiteratureReview.tex [5

]
<Images/aggregation_families.png, id=943, 798.22215pt x 273.1806pt>
File: Images/aggregation_families.png Graphic file (type png)
<use Images/aggregation_families.png>
Package pdftex.def Info: Images/aggregation_families.png  used on input line 65
.
(pdftex.def)             Requested size: 443.86319pt x 151.90463pt.
 [6 <./Images/aggregation_families.png>] [7] [8] [9] [10] [11] [12]
Underfull \hbox (badness 1107) in paragraph at lines 483--483
[][][]\T1/Crlt-LF/m/it/8 (+20) static, no com-puted 
 []

) [13] (./Sections/3.Methods.tex
<../BST_DISCO_JH_2026/Images/2.Problem/three_layer_architecture.png, id=1163, 2
46.6816pt x 246.6816pt>
File: ../BST_DISCO_JH_2026/Images/2.Problem/three_layer_architecture.png Graphi
c file (type png)
<use ../BST_DISCO_JH_2026/Images/2.Problem/three_layer_architecture.png>
Package pdftex.def Info: ../BST_DISCO_JH_2026/Images/2.Problem/three_layer_arch
itecture.png  used on input line 46.
(pdftex.def)             Requested size: 363.97105pt x 364.00652pt.
 [14

] [15 <../BST_DISCO_JH_2026/Images/2.Problem/three_layer_architecture.png>] [16
]
<Images/noisy_or_vs_average.pdf, id=1195, 418.90126pt x 242.55786pt>
File: Images/noisy_or_vs_average.pdf Graphic file (type pdf)
<use Images/noisy_or_vs_average.pdf>
Package pdftex.def Info: Images/noisy_or_vs_average.pdf  used on input line 171
.
(pdftex.def)             Requested size: 381.72261pt x 221.04259pt.
 [17 <./Images/noisy_or_vs_average.pdf>]
Package microtype Info: Loading generic protrusion settings for font family
(microtype)             `cmtt' (encoding: T1).
(microtype)             For optimal results, create family-specific settings.
(microtype)             See the microtype manual for details.

[18{c:/texlive/2026/texmf-dist/fonts/enc/dvips/cm-super/cm-super-t1.enc}]
[19] [20] [21] [22] [23] [24]
<Images/adequacy_asymmetry.png, id=1408, 481.67955pt x 263.7855pt>
File: Images/adequacy_asymmetry.png Graphic file (type png)
<use Images/adequacy_asymmetry.png>
Package pdftex.def Info: Images/adequacy_asymmetry.png  used on input line 693.

(pdftex.def)             Requested size: 408.35332pt x 223.63911pt.
 [25 <./Images/adequacy_asymmetry.png>]
<../BST_DISCO_JH_2026/Images/4.Operations/uml_architecture.png, id=1416, 1911.1
4pt x 936.49875pt>
File: ../BST_DISCO_JH_2026/Images/4.Operations/uml_architecture.png Graphic fil
e (type png)
<use ../BST_DISCO_JH_2026/Images/4.Operations/uml_architecture.png>
Package pdftex.def Info: ../BST_DISCO_JH_2026/Images/4.Operations/uml_architect
ure.png  used on input line 735.
(pdftex.def)             Requested size: 346.21274pt x 169.64851pt.
 [26 <../BST_DISCO_JH_2026/Images/4.Operations/uml_architecture.png>]
<../BST_DISCO_JH_2026/Images/4.Operations/explainability_waterfall.png, id=1426
, 246.6816pt x 196.3335pt>
File: ../BST_DISCO_JH_2026/Images/4.Operations/explainability_waterfall.png Gra
phic file (type png)
<use ../BST_DISCO_JH_2026/Images/4.Operations/explainability_waterfall.png>
Package pdftex.def Info: ../BST_DISCO_JH_2026/Images/4.Operations/explainabilit
y_waterfall.png  used on input line 842.
(pdftex.def)             Requested size: 346.21274pt x 275.57501pt.
 [27] [28 <../BST_DISCO_JH_2026/Images/4.Operations/explainability_waterfall.pn
g>] [29] [30]
[31] [32] [33]) [34] (./Sections/4.ResultsDiscussion.tex
<../BST_DISCO_JH_2026/Images/4.Operations/weekly_review_annotated.png, id=1509,
 1726.45pt x 742.775pt>
File: ../BST_DISCO_JH_2026/Images/4.Operations/weekly_review_annotated.png Grap
hic file (type png)
<use ../BST_DISCO_JH_2026/Images/4.Operations/weekly_review_annotated.png>
Package pdftex.def Info: ../BST_DISCO_JH_2026/Images/4.Operations/weekly_review
_annotated.png  used on input line 43.
(pdftex.def)             Requested size: 443.86319pt x 190.96352pt.
<../BST_DISCO_JH_2026/Images/4.Operations/criticality_annotated.png, id=1510, 1
762.585pt x 655.44875pt>
File: ../BST_DISCO_JH_2026/Images/4.Operations/criticality_annotated.png Graphi
c file (type png)
<use ../BST_DISCO_JH_2026/Images/4.Operations/criticality_annotated.png>
Package pdftex.def Info: ../BST_DISCO_JH_2026/Images/4.Operations/criticality_a
nnotated.png  used on input line 51.
(pdftex.def)             Requested size: 443.86319pt x 165.05194pt.
 [35

]
<Images/helios_dryrun_trajectories_en.png, id=1516, 939.51pt x 794.97pt>
File: Images/helios_dryrun_trajectories_en.png Graphic file (type png)
<use Images/helios_dryrun_trajectories_en.png>
Package pdftex.def Info: Images/helios_dryrun_trajectories_en.png  used on inpu
t line 87.
(pdftex.def)             Requested size: 443.86319pt x 375.5768pt.
 [36 <../BST_DISCO_JH_2026/Images/4.Operations/weekly_review_annotated.png (PNG
 copy)> <../BST_DISCO_JH_2026/Images/4.Operations/criticality_annotated.png (PN
G copy)>] [37 <./Images/helios_dryrun_trajectories_en.png>] [38] [39] [40]
<Images/armA_reliability.png, id=1560, 406.51875pt x 322.3242pt>
File: Images/armA_reliability.png Graphic file (type png)
<use Images/armA_reliability.png>
Package pdftex.def Info: Images/armA_reliability.png  used on input line 336.
(pdftex.def)             Requested size: 381.72261pt x 302.67493pt.
 [41 <./Images/armA_reliability.png>] [42] [43]
<Images/armA_roc.png, id=1584, 364.9635pt x 344.7279pt>
File: Images/armA_roc.png Graphic file (type png)
<use Images/armA_roc.png>
Package pdftex.def Info: Images/armA_roc.png  used on input line 485.
(pdftex.def)             Requested size: 381.72261pt x 360.58104pt.
<Images/auc_forest.pdf, id=1589, 512.34312pt x 286.12395pt>
File: Images/auc_forest.pdf Graphic file (type pdf)
<use Images/auc_forest.pdf>
Package pdftex.def Info: Images/auc_forest.pdf  used on input line 539.
(pdftex.def)             Requested size: 417.23247pt x 233.02086pt.
 [44 <./Images/armA_roc.png>] [45 <./Images/auc_forest.pdf>]
<Images/wilson_intervals.pdf, id=1679, 467.7751pt x 251.08746pt>
File: Images/wilson_intervals.pdf Graphic file (type pdf)
<use Images/wilson_intervals.pdf>
Package pdftex.def Info: Images/wilson_intervals.pdf  used on input line 586.
(pdftex.def)             Requested size: 417.23247pt x 223.96902pt.
 [46 <./Images/wilson_intervals.pdf>]
<Images/armB_influence.png, id=1768, 466.1415pt x 325.57635pt>
File: Images/armB_influence.png Graphic file (type png)
<use Images/armB_influence.png>
Package pdftex.def Info: Images/armB_influence.png  used on input line 668.
(pdftex.def)             Requested size: 381.72261pt x 266.6216pt.
 [47] [48 <./Images/armB_influence.png>]
<Images/benchmark_predict.png, id=1784, 1156.32pt x 354.123pt>
File: Images/benchmark_predict.png Graphic file (type png)
<use Images/benchmark_predict.png>
Package pdftex.def Info: Images/benchmark_predict.png  used on input line 738.
(pdftex.def)             Requested size: 443.86319pt x 135.9298pt.
 [49 <./Images/benchmark_predict.png>] [50] [51]) [52] [53]
(./Sections/5.Conclusion.tex [54

] [55]
Overfull \hbox (0.61859pt too wide) in alignment at lines 153--159
 [] [] 
 []


Overfull \hbox (0.61859pt too wide) in alignment at lines 159--164
 [] [] 
 []


Overfull \hbox (0.61859pt too wide) in alignment at lines 164--166
 [] [] 
 []


Overfull \hbox (0.61859pt too wide) in alignment at lines 166--221
 [] [] 
 []


ignored: Infinite glue shrinkage found in box being split [56] [57]) [58] [59] [60

] [61]

Package biblatex Warning: No driver for 'standard'.
(biblatex)                Using fallback driver on input line 409.

[62] [63] [64] [65] [66] (./Sections/Appendices/A.Ethics.tex)
(./Sections/Appendices/B.SourceReviewGrid.tex [67

]
ignored: Infinite glue shrinkage found in box being split [68]
ignored: Infinite glue shrinkage f
ound in box being split [69]
ignored: Infinite glue shrinkage found in box being split [7
0]
ignored: Infinite glue shrinkage found in box being split [71])
(./Sections/Appendices/C.Protocol.tex [72] [73] [74])
(./Sections/Appendices/D.CalibrationTables.tex [75] [76] [77] [78] [79])
(./Sections/Appendices/E.VolumeProtocol.tex [80] [81]
<Images/5.Volume/resolution_hr20.png, id=2218, 602.25pt x 602.25pt>
File: Images/5.Volume/resolution_hr20.png Graphic file (type png)
<use Images/5.Volume/resolution_hr20.png>
Package pdftex.def Info: Images/5.Volume/resolution_hr20.png  used on input lin
e 109.
(pdftex.def)             Requested size: 213.05243pt x 213.05128pt.
<Images/5.Volume/resolution_thr8.png, id=2219, 752.8125pt x 752.8125pt>
File: Images/5.Volume/resolution_thr8.png Graphic file (type png)
<use Images/5.Volume/resolution_thr8.png>
Package pdftex.def Info: Images/5.Volume/resolution_thr8.png  used on input lin
e 114.
(pdftex.def)             Requested size: 213.05243pt x 213.049pt.
 [82 <./Images/5.Volume/resolution_hr20.png (PNG copy)> <./Images/5.Volume/reso
lution_thr8.png (PNG copy)>] [83]
<Images/5.Volume/deployment_zone.png, id=2235, 580.1675pt x 1204.5pt>
File: Images/5.Volume/deployment_zone.png Graphic file (type png)
<use Images/5.Volume/deployment_zone.png>
Package pdftex.def Info: Images/5.Volume/deployment_zone.png  used on input lin
e 241.
(pdftex.def)             Requested size: 154.45186pt x 320.66708pt.
<Images/5.Volume/segmentation_predictions.jpg, id=2236, 1927.2pt x 1654.18pt>
File: Images/5.Volume/segmentation_predictions.jpg Graphic file (type jpg)
<use Images/5.Volume/segmentation_predictions.jpg>
Package pdftex.def Info: Images/5.Volume/segmentation_predictions.jpg  used on 
input line 252.
(pdftex.def)             Requested size: 275.19301pt x 236.20267pt.
<Images/volume_calibration.png, id=2237, 426.393pt x 305.7021pt>
File: Images/volume_calibration.png Graphic file (type png)
<use Images/volume_calibration.png>
Package pdftex.def Info: Images/volume_calibration.png  used on input line 259.

(pdftex.def)             Requested size: 372.84344pt x 267.31607pt.
 [84] [85 <./Images/5.Volume/deployment_zone.png (PNG copy)> <./Images/5.Volume
/segmentation_predictions.jpg>])
(./Sections/Appendices/F.WorkedExample.tex [86 <./Images/volume_calibration.png
>] [87]) (./Sections/Appendices/G.AssumptionRegister.tex [88]
Underfull \hbox (badness 10000) in paragraph at lines 42--44
[]|\T1/Crlt-LF/m/n/12 (+20) The six blocks are
 []


Underfull \hbox (badness 10000) in paragraph at lines 42--44
\T1/Crlt-LF/m/n/12 (+20) in-de-pen-dent com-pet-
 []


Underfull \hbox (badness 2884) in paragraph at lines 42--44
\T1/Crlt-LF/m/n/12 (+20) ing causes of rup-ture
 []


Underfull \hbox (badness 10000) in paragraph at lines 42--44
\T1/Crlt-LF/m/n/12 (+20) (As-sump-tion [][]3.1[][], Sec-
 []


Underfull \hbox (badness 2293) in paragraph at lines 45--48
[]|\T1/Crlt-LF/m/n/12 (+20) Correlated blocks double-count a shared
 []


Underfull \hbox (badness 1117) in paragraph at lines 45--48
\T1/Crlt-LF/m/n/12 (+20) alarm, never to-wards com-pla-cency. Sec-
 []


Underfull \hbox (badness 1742) in paragraph at lines 59--61
[]|\T1/Crlt-LF/m/n/12 (+20) The dec-la-ra-tion is sin-
 []


Underfull \hbox (badness 5802) in paragraph at lines 59--61
\T1/Crlt-LF/m/n/12 (+20) cere (As-sump-tion [][]3.2[][],
 []


Underfull \hbox (badness 10000) in paragraph at lines 67--69
[]|\T1/Crlt-LF/m/n/12 (+20) Language-model
 []


Underfull \hbox (badness 10000) in paragraph at lines 67--69
\T1/Crlt-LF/m/n/12 (+20) agents stand in for
 []


Underfull \hbox (badness 10000) in paragraph at lines 67--69
\T1/Crlt-LF/m/n/12 (+20) hu-man declarants
 []


Underfull \hbox (badness 7685) in paragraph at lines 75--77
\T1/Crlt-LF/m/n/12 (+20) e-terised by mo-ments
 []


Underfull \hbox (badness 10000) in paragraph at lines 77--78
[]|\T1/Crlt-LF/m/n/12 (+20) Testable,
 []


Underfull \hbox (badness 1460) in paragraph at lines 83--85
[]|\T1/Crlt-LF/m/n/12 (+20) Lead times are drawn
 []


Underfull \hbox (badness 10000) in paragraph at lines 83--85
\T1/Crlt-LF/m/n/12 (+20) in-de-pen-dently across
 []


Underfull \hbox (badness 10000) in paragraph at lines 93--94
[]|\T1/Crlt-LF/m/n/12 (+20) Testable,
 []


Underfull \hbox (badness 1629) in paragraph at lines 99--101
[]|\T1/Crlt-LF/m/n/12 (+20) Backup arcs carry nei-
 []


Underfull \hbox (badness 2103) in paragraph at lines 99--101
\T1/Crlt-LF/m/n/12 (+20) ther prop-a-ga-tion (Sec-
 []


Underfull \hbox (badness 10000) in paragraph at lines 101--102
[]|\T1/Crlt-LF/m/n/12 (+20) Modelling
 []


Underfull \hbox (badness 10000) in paragraph at lines 101--102
\T1/Crlt-LF/m/n/12 (+20) choice,
 []


Underfull \hbox (badness 10000) in paragraph at lines 110--111
[]|\T1/Crlt-LF/m/n/12 (+20) Testable,
 []


Overfull \hbox (3.41362pt too wide) in paragraph at lines 117--117
[]|\T1/Crlt-LF/m/n/12 (-20) A10| 
 []


Underfull \hbox (badness 6758) in paragraph at lines 117--119
[]|\T1/Crlt-LF/m/n/12 (+20) Local ur-gency fol-lows
 []


Underfull \hbox (badness 10000) in paragraph at lines 119--120
[]|\T1/Crlt-LF/m/n/12 (+20) Testable,
 []


Overfull \hbox (0.78877pt too wide) in paragraph at lines 125--125
[]|\T1/Crlt-LF/m/n/12 (-20) A11| 
 []


Underfull \hbox (badness 10000) in paragraph at lines 127--128
[]|\T1/Crlt-LF/m/n/12 (+20) Testable,
 []


Underfull \hbox (badness 1237) in paragraph at lines 128--131
[]|\T1/Crlt-LF/m/n/12 (+20) Clustered events, one in-ci-dent pro-duc-ing
 []


Overfull \hbox (2.44812pt too wide) in paragraph at lines 133--133
[]|\T1/Crlt-LF/m/n/12 (-20) A12| 
 []


Underfull \hbox (badness 7540) in paragraph at lines 133--135
\T1/Crlt-LF/m/n/12 (+20) out-come def-i-ni-tion is
 []


Underfull \hbox (badness 6559) in paragraph at lines 133--135
\T1/Crlt-LF/m/n/12 (+20) the right tar-get (Sec-
 []


ignored: Infinite glue shrinkage found in box being split [89]
ignored: Infinite glue shrinkage fo
und in box being split [90]
Overfull \hbox (3.65372pt too wide) in paragraph at lines 180--183
 [][] 
 []

) (./Sections/Appendices/H.Technical.tex [91] [92] [93]
<../BST_DISCO_JH_2026/Images/4.Operations/questionnaire_annotated.png, id=2341,
 1726.45pt x 588.1975pt>
File: ../BST_DISCO_JH_2026/Images/4.Operations/questionnaire_annotated.png Grap
hic file (type png)
<use ../BST_DISCO_JH_2026/Images/4.Operations/questionnaire_annotated.png>
Package pdftex.def Info: ../BST_DISCO_JH_2026/Images/4.Operations/questionnaire
_annotated.png  used on input line 162.
(pdftex.def)             Requested size: 443.86319pt x 151.22246pt.
 [94] [95 <../BST_DISCO_JH_2026/Images/4.Operations/questionnaire_annotated.png
 (PNG copy)>] [96]
[97] [98] [99]
<Images/benchmarks.pdf, id=2415, 522.65202pt x 247.40831pt>
File: Images/benchmarks.pdf Graphic file (type pdf)
<use Images/benchmarks.pdf>
Package pdftex.def Info: Images/benchmarks.pdf  used on input line 624.
(pdftex.def)             Requested size: 408.35332pt x 193.30989pt.
 [100] [101 <./Images/benchmarks.pdf>]
<Images/5.Volume/facade_proof_en.png, id=2506, 677.53125pt x 775.89874pt>
File: Images/5.Volume/facade_proof_en.png Graphic file (type png)
<use Images/5.Volume/facade_proof_en.png>
Package pdftex.def Info: Images/5.Volume/facade_proof_en.png  used on input lin
e 713.
(pdftex.def)             Requested size: 255.66568pt x 292.78456pt.
<Images/segmentation_runs.pdf, id=2509, 484.26544pt x 238.74619pt>
File: Images/segmentation_runs.pdf Graphic file (type pdf)
<use Images/segmentation_runs.pdf>
Package pdftex.def Info: Images/segmentation_runs.pdf  used on input line 752.
(pdftex.def)             Requested size: 417.23247pt x 205.70386pt.
 [102] [103 <./Images/5.Volume/facade_proof_en.png (PNG copy)>]
Underfull \hbox (badness 10000) in paragraph at lines 1020--1020
[]|\T1/Crlt-LF/m/n/10.95 (+20) rank re-ver-sal on
 []


Underfull \hbox (badness 10000) in paragraph at lines 1020--1020
\T1/Crlt-LF/m/n/10.95 (+20) sen-si-tive to cog-ni-
 []


Underfull \hbox (badness 10000) in paragraph at lines 1020--1020
\T1/Crlt-LF/m/n/10.95 (+20) tive noise dur-ing
 []


Underfull \hbox (badness 10000) in paragraph at lines 1020--1020
\T1/Crlt-LF/m/n/10.95 (+20) elic-i-ta-tion (Dyer,
 []


Underfull \hbox (badness 10000) in paragraph at lines 1020--1020
[]|\T1/Crlt-LF/m/n/10.95 (+20) non-linear pro-
 []


Underfull \hbox (badness 10000) in paragraph at lines 1020--1020
\T1/Crlt-LF/m/n/10.95 (+20) gramme; needs a
 []


Underfull \hbox (badness 10000) in paragraph at lines 1020--1020
\T1/Crlt-LF/m/n/10.95 (+20) fea-si-ble start, and
 []


Underfull \hbox (badness 10000) in paragraph at lines 1020--1020
\T1/Crlt-LF/m/n/10.95 (+20) con-sis-tency con-di-
 []


Underfull \hbox (badness 1389) in paragraph at lines 1020--1020
\T1/Crlt-LF/m/n/10.95 (+20) rel-e-vant al-ter-na-tives:
 []

[104 <./Images/segmentation_runs.pdf>] [105])
(./Sections/Appendices/J.Repair.tex [106] [107]
<Images/completion_repair.png, id=2712, 798.5835pt x 272.81924pt>
File: Images/completion_repair.png Graphic file (type png)
<use Images/completion_repair.png>
Package pdftex.def Info: Images/completion_repair.png  used on input line 24.
(pdftex.def)             Requested size: 443.86319pt x 151.6371pt.
 [108] [109] [110 <./Images/completion_repair.png>] [111] [112]
<Images/repair_effect.pdf, id=2738, 532.65314pt x 231.26399pt>
File: Images/repair_effect.pdf Graphic file (type pdf)
<use Images/repair_effect.pdf>
Package pdftex.def Info: Images/repair_effect.pdf  used on input line 106.
(pdftex.def)             Requested size: 443.86319pt x 192.72186pt.
 [113] [114 <./Images/repair_effect.pdf>])
[115] [116] (./main.aux)
 ***********
LaTeX2e <2025-11-01>
L3 programming layer <2026-03-20>
 ***********
Package rerunfilecheck Info: File `main.out' has not changed.
(rerunfilecheck)             Checksum: 6E00FA23E9EE8E9EC70EDAFB7F86A869;22629.
Package logreq Info: Writing requests to 'main.run.xml'.
\openout1 = `main.run.xml'.

 ) 
Here is how much of TeX's memory you used:
 48122 strings out of 467349
 956994 string characters out of 5419862
 1860343 words of memory out of 5000000
 75006 multiletter control sequences out of 15000+600000
 919703 words of font info for 657 fonts, out of 8000000 for 9000
 1141 hyphenation exceptions out of 8191
 102i,18n,117p,2494b,2618s stack positions out of 10000i,1000n,20000p,200000b,200000s
<c:/texlive/2026/texmf-dist/fonts/type1/google/carlito/Crlt-Bold.pfb><c:/texl
ive/2026/texmf-dist/fonts/type1/google/carlito/Crlt-Italic.pfb><c:/texlive/2026
/texmf-dist/fonts/type1/google/carlito/Crlt-Regular.pfb><c:/texlive/2026/texmf-
dist/fonts/type1/public/amsfonts/cm/cmbx10.pfb><c:/texlive/2026/texmf-dist/font
s/type1/public/amsfonts/cm/cmbx8.pfb><c:/texlive/2026/texmf-dist/fonts/type1/pu
blic/amsfonts/cm/cmex10.pfb><c:/texlive/2026/texmf-dist/fonts/type1/public/amsf
onts/cm/cmmi10.pfb><c:/texlive/2026/texmf-dist/fonts/type1/public/amsfonts/cm/c
mmi12.pfb><c:/texlive/2026/texmf-dist/fonts/type1/public/amsfonts/cm/cmmi6.pfb>
<c:/texlive/2026/texmf-dist/fonts/type1/public/amsfonts/cm/cmmi7.pfb><c:/texliv
e/2026/texmf-dist/fonts/type1/public/amsfonts/cm/cmmi8.pfb><c:/texlive/2026/tex
mf-dist/fonts/type1/public/amsfonts/cm/cmr10.pfb><c:/texlive/2026/texmf-dist/fo
nts/type1/public/amsfonts/cm/cmr12.pfb><c:/texlive/2026/texmf-dist/fonts/type1/
public/amsfonts/cm/cmr5.pfb><c:/texlive/2026/texmf-dist/fonts/type1/public/amsf
onts/cm/cmr6.pfb><c:/texlive/2026/texmf-dist/fonts/type1/public/amsfonts/cm/cmr
7.pfb><c:/texlive/2026/texmf-dist/fonts/type1/public/amsfonts/cm/cmr8.pfb><c:/t
exlive/2026/texmf-dist/fonts/type1/public/amsfonts/cm/cmsy10.pfb><c:/texlive/20
26/texmf-dist/fonts/type1/public/amsfonts/cm/cmsy7.pfb><c:/texlive/2026/texmf-d
ist/fonts/type1/public/amsfonts/cm/cmsy8.pfb><c:/texlive/2026/texmf-dist/fonts/
type1/public/amsfonts/symbols/msbm10.pfb><c:/texlive/2026/texmf-dist/fonts/type
1/public/cm-super/sftt0800.pfb><c:/texlive/2026/texmf-dist/fonts/type1/public/c
m-super/sftt1000.pfb><c:/texlive/2026/texmf-dist/fonts/type1/public/cm-super/sf
tt1095.pfb><c:/texlive/2026/texmf-dist/fonts/type1/public/cm-super/sftt1200.pfb
>
Output written on main.pdf (129 pages, 6822203 bytes).
PDF statistics:
 3063 PDF objects out of 3580 (max. 8388607)
 2377 compressed objects within 24 object streams
 557 named destinations out of 1000 (max. 500000)
 121877 words of extra memory for PDF output out of 128383 (max. 10000000)

