\BOOKMARK [1][-]{section*.1}{\376\377\000A\000c\000k\000n\000o\000w\000l\000e\000d\000g\000e\000m\000e\000n\000t\000s}{}% 1
\BOOKMARK [1][-]{section*.2}{\376\377\000G\000l\000o\000s\000s\000a\000r\000y}{}% 2
\BOOKMARK [1][-]{section*.3}{\376\377\000R\000\351\000s\000u\000m\000\351\000\040\000/\000\040\000A\000b\000s\000t\000r\000a\000c\000t\000\040\000/\000\040\000R\000e\000s\000u\000m\000e\000n}{}% 3
\BOOKMARK [1][-]{section*.6}{\376\377\000P\000r\000e\000a\000m\000b\000l\000e}{}% 4
\BOOKMARK [1][-]{section*.10}{\376\377\000L\000i\000s\000t\000\040\000o\000f\000\040\000F\000i\000g\000u\000r\000e\000s}{}% 5
\BOOKMARK [1][-]{section*.11}{\376\377\000L\000i\000s\000t\000\040\000o\000f\000\040\000T\000a\000b\000l\000e\000s}{}% 6
\BOOKMARK [1][-]{section.1}{\376\377\000I\000n\000t\000r\000o\000d\000u\000c\000t\000i\000o\000n}{}% 7
\BOOKMARK [1][-]{section.2}{\376\377\000T\000h\000e\000\040\000C\000o\000m\000p\000a\000n\000y}{}% 8
\BOOKMARK [2][-]{subsection.2.1}{\376\377\000T\000h\000e\000\040\000A\000L\000T\000E\000N\000\040\000G\000r\000o\000u\000p}{section.2}% 9
\BOOKMARK [2][-]{subsection.2.2}{\376\377\000T\000h\000e\000\040\000D\000i\000r\000e\000c\000t\000i\000o\000n\000\040\000d\000e\000\040\000l\000'\000I\000n\000n\000o\000v\000a\000t\000i\000o\000n}{section.2}% 10
\BOOKMARK [2][-]{subsection.2.3}{\376\377\000P\000o\000l\000i\000t\000i\000q\000u\000e\000\040\000R\000S\000E\000\040\000d\000'\000A\000L\000T\000E\000N\000\040\000\050\000C\000S\000R\000\040\000p\000o\000l\000i\000c\000y\000,\000\040\000i\000n\000\040\000F\000r\000e\000n\000c\000h\000\051}{section.2}% 11
\BOOKMARK [1][-]{section.3}{\376\377\000P\000r\000o\000b\000l\000e\000m\000\040\000S\000t\000a\000t\000e\000m\000e\000n\000t}{}% 12
\BOOKMARK [2][-]{subsection.3.1}{\376\377\000W\000h\000y\000\040\000A\000L\000T\000E\000N\000\040\000O\000p\000e\000n\000e\000d\000\040\000T\000h\000i\000s\000\040\000S\000u\000b\000j\000e\000c\000t}{section.3}% 13
\BOOKMARK [2][-]{subsection.3.2}{\376\377\000T\000h\000e\000\040\000C\000o\000s\000t\000\040\000o\000f\000\040\000t\000h\000e\000\040\000T\000w\000o\000\040\000E\000r\000r\000o\000r\000s}{section.3}% 14
\BOOKMARK [2][-]{subsection.3.3}{\376\377\000T\000h\000e\000\040\000P\000r\000o\000b\000l\000e\000m\000,\000\040\000S\000t\000a\000t\000e\000d}{section.3}% 15
\BOOKMARK [1][-]{section.4}{\376\377\000T\000h\000e\000\040\000M\000i\000s\000s\000i\000o\000n}{}% 16
\BOOKMARK [2][-]{subsection.4.1}{\376\377\000T\000h\000e\000\040\000A\000s\000s\000i\000g\000n\000m\000e\000n\000t\000\040\000a\000s\000\040\000W\000r\000i\000t\000t\000e\000n}{section.4}% 17
\BOOKMARK [2][-]{subsection.4.2}{\376\377\000T\000h\000e\000\040\000C\000o\000n\000v\000e\000r\000g\000e\000d\000\040\000O\000b\000j\000e\000c\000t\000i\000v\000e}{section.4}% 18
\BOOKMARK [2][-]{subsection.4.3}{\376\377\000O\000b\000j\000e\000c\000t\000i\000v\000e\000s\000,\000\040\000I\000n\000d\000i\000c\000a\000t\000o\000r\000s\000\040\000a\000n\000d\000\040\000D\000e\000l\000i\000v\000e\000r\000a\000b\000l\000e\000s}{section.4}% 19
\BOOKMARK [1][-]{section.5}{\376\377\000P\000r\000o\000j\000e\000c\000t\000\040\000O\000r\000g\000a\000n\000i\000s\000a\000t\000i\000o\000n}{}% 20
\BOOKMARK [2][-]{subsection.5.1}{\376\377\000S\000t\000a\000k\000e\000h\000o\000l\000d\000e\000r\000s\000\040\000a\000n\000d\000\040\000R\000e\000s\000p\000o\000n\000s\000i\000b\000i\000l\000i\000t\000i\000e\000s}{section.5}% 21
\BOOKMARK [2][-]{subsection.5.2}{\376\377\000R\000e\000s\000o\000u\000r\000c\000e\000s}{section.5}% 22
\BOOKMARK [2][-]{subsection.5.3}{\376\377\000W\000o\000r\000k\000i\000n\000g\000\040\000M\000e\000t\000h\000o\000d\000:\000\040\000A\000g\000i\000l\000e\000\040\000a\000n\000d\000\040\000T\000e\000s\000t\000\040\000a\000n\000d\000\040\000L\000e\000a\000r\000n}{section.5}% 23
\BOOKMARK [2][-]{subsection.5.4}{\376\377\000P\000h\000a\000s\000e\000s\000\040\000a\000n\000d\000\040\000M\000i\000l\000e\000s\000t\000o\000n\000e\000s}{section.5}% 24
\BOOKMARK [2][-]{subsection.5.5}{\376\377\000R\000i\000s\000k\000s\000\040\000a\000n\000d\000\040\000M\000i\000t\000i\000g\000a\000t\000i\000o\000n\000s}{section.5}% 25
\BOOKMARK [1][-]{section.6}{\376\377\000S\000t\000a\000t\000e\000\040\000o\000f\000\040\000t\000h\000e\000\040\000A\000r\000t}{}% 26
\BOOKMARK [2][-]{subsection.6.1}{\376\377\000D\000e\000a\000d\000l\000i\000n\000e\000-\000D\000r\000i\000v\000e\000n\000\040\000V\000a\000l\000u\000e\000\040\000a\000n\000d\000\040\000R\000i\000s\000k\000\040\000P\000r\000o\000p\000a\000g\000a\000t\000i\000o\000n}{section.6}% 27
\BOOKMARK [2][-]{subsection.6.2}{\376\377\000I\000n\000d\000i\000c\000a\000t\000o\000r\000s\000\040\000o\000f\000\040\000D\000e\000l\000i\000v\000e\000r\000y\000\040\000R\000u\000p\000t\000u\000r\000e}{section.6}% 28
\BOOKMARK [2][-]{subsection.6.3}{\376\377\000C\000o\000g\000n\000i\000t\000i\000v\000e\000\040\000B\000i\000a\000s\000\040\000i\000n\000\040\000D\000e\000c\000l\000a\000r\000e\000d\000\040\000U\000r\000g\000e\000n\000c\000y}{section.6}% 29
\BOOKMARK [2][-]{subsection.6.4}{\376\377\000M\000u\000l\000t\000i\000-\000C\000r\000i\000t\000e\000r\000i\000a\000\040\000E\000l\000i\000c\000i\000t\000a\000t\000i\000o\000n\000\040\000a\000n\000d\000\040\000A\000g\000g\000r\000e\000g\000a\000t\000i\000o\000n}{section.6}% 30
\BOOKMARK [2][-]{subsection.6.5}{\376\377\000D\000i\000g\000i\000t\000a\000l\000\040\000T\000w\000i\000n\000s\000\040\000a\000n\000d\000\040\000D\000e\000c\000i\000s\000i\000o\000n\000\040\000S\000u\000p\000p\000o\000r\000t}{section.6}% 31
\BOOKMARK [2][-]{subsection.6.6}{\376\377\000I\000n\000d\000u\000s\000t\000r\000i\000a\000l\000\040\000S\000o\000l\000u\000t\000i\000o\000n\000s\000\040\000a\000n\000d\000\040\000P\000a\000t\000e\000n\000t\000s}{section.6}% 32
\BOOKMARK [2][-]{subsection.6.7}{\376\377\000V\000e\000r\000i\000f\000y\000i\000n\000g\000\040\000a\000\040\000P\000r\000o\000b\000a\000b\000i\000l\000i\000s\000t\000i\000c\000\040\000S\000i\000g\000n\000a\000l}{section.6}% 33
\BOOKMARK [2][-]{subsection.6.8}{\376\377\000W\000h\000a\000t\000\040\000t\000h\000e\000\040\000R\000e\000v\000i\000e\000w\000\040\000E\000s\000t\000a\000b\000l\000i\000s\000h\000e\000s}{section.6}% 34
\BOOKMARK [1][-]{section.7}{\376\377\000C\000a\000r\000r\000y\000i\000n\000g\000\040\000O\000u\000t\000\040\000t\000h\000e\000\040\000M\000i\000s\000s\000i\000o\000n}{}% 35
\BOOKMARK [2][-]{subsection.7.1}{\376\377\000T\000h\000e\000\040\000M\000o\000d\000e\000l}{section.7}% 36
\BOOKMARK [3][-]{subsubsection.7.1.1}{\376\377\000R\000e\000a\000l\000\040\000u\000r\000g\000e\000n\000c\000y}{subsection.7.1}% 37
\BOOKMARK [3][-]{subsubsection.7.1.2}{\376\377\000D\000e\000c\000l\000a\000r\000e\000d\000\040\000u\000r\000g\000e\000n\000c\000y\000\040\000a\000n\000d\000\040\000t\000h\000e\000\040\000a\000d\000e\000q\000u\000a\000c\000y\000\040\000s\000c\000o\000r\000e}{subsection.7.1}% 38
\BOOKMARK [2][-]{subsection.7.2}{\376\377\000T\000h\000e\000\040\000S\000y\000s\000t\000e\000m}{section.7}% 39
\BOOKMARK [2][-]{subsection.7.3}{\376\377\000T\000h\000e\000\040\000F\000i\000r\000s\000t\000\040\000C\000a\000m\000p\000a\000i\000g\000n}{section.7}% 40
\BOOKMARK [2][-]{subsection.7.4}{\376\377\000R\000e\000s\000u\000l\000t\000s\000\040\000o\000n\000\040\000t\000h\000e\000\040\000F\000i\000r\000s\000t\000\040\000C\000h\000a\000i\000n}{section.7}% 41
\BOOKMARK [3][-]{subsubsection.7.4.1}{\376\377\000T\000h\000e\000\040\000a\000d\000e\000q\000u\000a\000c\000y\000\040\000s\000i\000g\000n\000a\000l\000\040\000i\000d\000e\000n\000t\000i\000f\000i\000e\000s\000\040\000t\000h\000e\000\040\000r\000i\000g\000h\000t\000\040\000n\000o\000d\000e\000s\000,\000\040\000a\000n\000d\000\040\000d\000o\000e\000s\000\040\000i\000t\000\040\000e\000a\000r\000l\000y}{subsection.7.4}% 42
\BOOKMARK [3][-]{subsubsection.7.4.2}{\376\377\000T\000h\000e\000\040\000f\000o\000r\000e\000c\000a\000s\000t\000\040\000l\000a\000y\000e\000r\000,\000\040\000a\000n\000d\000\040\000t\000h\000e\000\040\000d\000e\000f\000i\000n\000i\000t\000i\000o\000n\000\040\000i\000t\000\040\000i\000s\000\040\000s\000c\000o\000r\000e\000d\000\040\000a\000g\000a\000i\000n\000s\000t}{subsection.7.4}% 43
\BOOKMARK [3][-]{subsubsection.7.4.3}{\376\377\000W\000h\000y\000:\000\040\000o\000n\000e\000\040\000b\000l\000o\000c\000k\000\040\000e\000x\000p\000l\000a\000i\000n\000s\000\040\000a\000l\000l\000\040\000o\000f\000\040\000i\000t}{subsection.7.4}% 44
\BOOKMARK [3][-]{subsubsection.7.4.4}{\376\377\000W\000h\000a\000t\000\040\000h\000a\000p\000p\000e\000n\000s\000\040\000w\000h\000e\000n\000\040\000t\000h\000e\000\040\000f\000o\000r\000e\000c\000a\000s\000t\000\040\000i\000s\000\040\000s\000h\000o\000w\000n\000\040\000t\000o\000\040\000t\000h\000e\000\040\000o\000p\000e\000r\000a\000t\000o\000r}{subsection.7.4}% 45
\BOOKMARK [3][-]{subsubsection.7.4.5}{\376\377\000T\000h\000e\000\040\000o\000u\000t\000c\000o\000m\000e\000\040\000d\000e\000f\000i\000n\000i\000t\000i\000o\000n\000\040\000m\000o\000v\000e\000s\000\040\000t\000h\000e\000\040\000a\000n\000s\000w\000e\000r}{subsection.7.4}% 46
\BOOKMARK [2][-]{subsection.7.5}{\376\377\000T\000h\000e\000\040\000R\000e\000p\000a\000i\000r\000,\000\040\000a\000n\000d\000\040\000W\000h\000a\000t\000\040\000I\000t\000\040\000M\000e\000a\000s\000u\000r\000e\000s}{section.7}% 47
\BOOKMARK [3][-]{subsubsection.7.5.1}{\376\377\000M\000e\000a\000s\000u\000r\000e\000m\000e\000n\000t\000\040\000c\000o\000r\000r\000e\000c\000t\000e\000d\000\040\000t\000h\000e\000\040\000r\000e\000c\000o\000m\000m\000e\000n\000d\000e\000d\000\040\000r\000e\000p\000a\000i\000r}{subsection.7.5}% 48
\BOOKMARK [3][-]{subsubsection.7.5.2}{\376\377\000W\000h\000a\000t\000\040\000t\000h\000e\000\040\000r\000e\000-\000m\000e\000a\000s\000u\000r\000e\000m\000e\000n\000t\000\040\000g\000i\000v\000e\000s}{subsection.7.5}% 49
\BOOKMARK [2][-]{subsection.7.6}{\376\377\000A\000\040\000S\000e\000c\000o\000n\000d\000\040\000C\000h\000a\000i\000n\000,\000\040\000a\000n\000d\000\040\000t\000h\000e\000\040\000D\000o\000m\000a\000i\000n\000\040\000I\000t\000\040\000E\000s\000t\000a\000b\000l\000i\000s\000h\000e\000s}{section.7}% 50
\BOOKMARK [3][-]{subsubsection.7.6.1}{\376\377\000W\000h\000a\000t\000\040\000w\000a\000s\000\040\000c\000h\000a\000n\000g\000e\000d\000,\000\040\000a\000n\000d\000\040\000w\000h\000y\000\040\000e\000a\000c\000h\000\040\000c\000h\000a\000n\000g\000e\000\040\000i\000s\000\040\000a\000\040\000r\000e\000a\000l\000\040\000t\000e\000s\000t}{subsection.7.6}% 51
\BOOKMARK [3][-]{subsubsection.7.6.2}{\376\377\000W\000h\000e\000r\000e\000\040\000t\000h\000e\000\040\000s\000i\000g\000n\000a\000l\000\040\000a\000p\000p\000l\000i\000e\000s\000,\000\040\000a\000n\000d\000\040\000w\000h\000e\000r\000e\000\040\000i\000t\000\040\000d\000o\000e\000s\000\040\000n\000o\000t}{subsection.7.6}% 52
\BOOKMARK [3][-]{subsubsection.7.6.3}{\376\377\000D\000i\000s\000p\000l\000a\000y\000i\000n\000g\000\040\000t\000h\000e\000\040\000f\000o\000r\000e\000c\000a\000s\000t\000,\000\040\000a\000t\000\040\000f\000i\000v\000e\000\040\000t\000i\000m\000e\000s\000\040\000t\000h\000e\000\040\000s\000c\000a\000l\000e}{subsection.7.6}% 53
\BOOKMARK [3][-]{subsubsection.7.6.4}{\376\377\000D\000o\000e\000s\000\040\000t\000h\000e\000\040\000f\000o\000r\000e\000c\000a\000s\000t\000\040\000l\000a\000y\000e\000r\000\040\000e\000a\000r\000n\000\040\000i\000t\000s\000\040\000c\000o\000m\000p\000l\000e\000x\000i\000t\000y\000?}{subsection.7.6}% 54
\BOOKMARK [2][-]{subsection.7.7}{\376\377\000P\000r\000o\000b\000l\000e\000m\000s\000\040\000E\000n\000c\000o\000u\000n\000t\000e\000r\000e\000d\000\040\000a\000n\000d\000\040\000H\000o\000w\000\040\000T\000h\000e\000y\000\040\000W\000e\000r\000e\000\040\000R\000e\000s\000o\000l\000v\000e\000d}{section.7}% 55
\BOOKMARK [2][-]{subsection.7.8}{\376\377\000A\000\040\000P\000a\000r\000a\000l\000l\000e\000l\000\040\000W\000o\000r\000k\000s\000t\000r\000e\000a\000m\000:\000\040\000C\000a\000p\000a\000c\000i\000t\000y\000\040\000O\000b\000s\000e\000r\000v\000e\000d\000\040\000R\000a\000t\000h\000e\000r\000\040\000T\000h\000a\000n\000\040\000D\000e\000c\000l\000a\000r\000e\000d}{section.7}% 56
\BOOKMARK [1][-]{section.8}{\376\377\000C\000o\000n\000c\000l\000u\000s\000i\000o\000n\000\040\000a\000n\000d\000\040\000P\000e\000r\000s\000o\000n\000a\000l\000\040\000A\000s\000s\000e\000s\000s\000m\000e\000n\000t}{}% 57
\BOOKMARK [2][-]{subsection.8.1}{\376\377\000R\000e\000s\000u\000l\000t\000s\000\040\000A\000g\000a\000i\000n\000s\000t\000\040\000t\000h\000e\000\040\000O\000b\000j\000e\000c\000t\000i\000v\000e\000s}{section.8}% 58
\BOOKMARK [2][-]{subsection.8.2}{\376\377\000L\000i\000m\000i\000t\000a\000t\000i\000o\000n\000s}{section.8}% 59
\BOOKMARK [2][-]{subsection.8.3}{\376\377\000P\000e\000r\000s\000p\000e\000c\000t\000i\000v\000e\000s}{section.8}% 60
\BOOKMARK [2][-]{subsection.8.4}{\376\377\000P\000e\000r\000s\000o\000n\000a\000l\000\040\000A\000s\000s\000e\000s\000s\000m\000e\000n\000t}{section.8}% 61
\BOOKMARK [3][-]{subsubsection.8.4.1}{\376\377\000W\000h\000a\000t\000\040\000I\000\040\000l\000e\000a\000r\000n\000e\000d}{subsection.8.4}% 62
\BOOKMARK [3][-]{subsubsection.8.4.2}{\376\377\000L\000i\000n\000k\000\040\000w\000i\000t\000h\000\040\000t\000h\000e\000\040\000E\000S\000T\000I\000A\000\040\000e\000n\000g\000i\000n\000e\000e\000r\000i\000n\000g\000\040\000c\000o\000m\000p\000e\000t\000e\000n\000c\000y\000\040\000f\000r\000a\000m\000e\000w\000o\000r\000k}{subsection.8.4}% 63
\BOOKMARK [3][-]{subsubsection.8.4.3}{\376\377\000W\000h\000a\000t\000\040\000t\000h\000i\000s\000\040\000m\000i\000s\000s\000i\000o\000n\000\040\000c\000l\000a\000r\000i\000f\000i\000e\000d\000\040\000p\000r\000o\000f\000e\000s\000s\000i\000o\000n\000a\000l\000l\000y}{subsection.8.4}% 64
\BOOKMARK [1][-]{section*.69}{\376\377\000B\000i\000b\000l\000i\000o\000g\000r\000a\000p\000h\000y}{}% 65
\BOOKMARK [1][-]{appendix.A}{\376\377\000A\000u\000t\000o\000r\000i\000s\000a\000t\000i\000o\000n\000\040\000d\000'\000u\000s\000a\000g\000e\000\040\000d\000e\000\040\000l\000'\000I\000A\000\040\000p\000a\000r\000\040\000l\000'\000\351\000l\000\350\000v\000e}{}% 66
\BOOKMARK [1][-]{appendix.B}{\376\377\000D\000e\000t\000a\000i\000l\000e\000d\000\040\000P\000l\000a\000n\000n\000i\000n\000g}{}% 67
\BOOKMARK [1][-]{appendix.C}{\376\377\000D\000e\000t\000a\000i\000l\000e\000d\000\040\000C\000o\000m\000p\000e\000t\000e\000n\000c\000y\000\040\000E\000v\000i\000d\000e\000n\000c\000e}{}% 68
\BOOKMARK [1][-]{appendix.D}{\376\377\000C\000a\000p\000a\000c\000i\000t\000y\000\040\000O\000b\000s\000e\000r\000v\000e\000d\000\040\000R\000a\000t\000h\000e\000r\000\040\000T\000h\000a\000n\000\040\000D\000e\000c\000l\000a\000r\000e\000d}{}% 69
